Component: Arm Compiler for Embedded 6.24 Tool: armlink [5f371500]

==============================================================================

Section Cross References

    startup_stm32h723xx.o(STACK) refers (Special) to heapauxi.o(.text) for __use_two_region_memory
    startup_stm32h723xx.o(HEAP) refers (Special) to heapauxi.o(.text) for __use_two_region_memory
    startup_stm32h723xx.o(RESET) refers (Special) to heapauxi.o(.text) for __use_two_region_memory
    startup_stm32h723xx.o(RESET) refers to startup_stm32h723xx.o(STACK) for __initial_sp
    startup_stm32h723xx.o(RESET) refers to startup_stm32h723xx.o(.text) for Reset_Handler
    startup_stm32h723xx.o(RESET) refers to stm32h7xx_it.o(.text.NMI_Handler) for NMI_Handler
    startup_stm32h723xx.o(RESET) refers to stm32h7xx_it.o(.text.HardFault_Handler) for HardFault_Handler
    startup_stm32h723xx.o(RESET) refers to stm32h7xx_it.o(.text.MemManage_Handler) for MemManage_Handler
    startup_stm32h723xx.o(RESET) refers to stm32h7xx_it.o(.text.BusFault_Handler) for BusFault_Handler
    startup_stm32h723xx.o(RESET) refers to stm32h7xx_it.o(.text.UsageFault_Handler) for UsageFault_Handler
    startup_stm32h723xx.o(RESET) refers to port.o(.text.SVC_Handler) for SVC_Handler
    startup_stm32h723xx.o(RESET) refers to stm32h7xx_it.o(.text.DebugMon_Handler) for DebugMon_Handler
    startup_stm32h723xx.o(RESET) refers to port.o(.text.PendSV_Handler) for PendSV_Handler
    startup_stm32h723xx.o(RESET) refers to cmsis_os2.o(.text.SysTick_Handler) for SysTick_Handler
    startup_stm32h723xx.o(RESET) refers to stm32h7xx_it.o(.text.DMA1_Stream0_IRQHandler) for DMA1_Stream0_IRQHandler
    startup_stm32h723xx.o(RESET) refers to stm32h7xx_it.o(.text.DMA1_Stream1_IRQHandler) for DMA1_Stream1_IRQHandler
    startup_stm32h723xx.o(RESET) refers to stm32h7xx_it.o(.text.TIM1_UP_IRQHandler) for TIM1_UP_IRQHandler
    startup_stm32h723xx.o(RESET) refers to stm32h7xx_it.o(.text.UART4_IRQHandler) for UART4_IRQHandler
    startup_stm32h723xx.o(.text) refers (Special) to heapauxi.o(.text) for __use_two_region_memory
    startup_stm32h723xx.o(.text) refers to system_stm32h7xx.o(.text.ExitRun0Mode) for ExitRun0Mode
    startup_stm32h723xx.o(.text) refers to system_stm32h7xx.o(.text.SystemInit) for SystemInit
    startup_stm32h723xx.o(.text) refers to __main.o(!!!main) for __main
    startup_stm32h723xx.o(.text) refers to startup_stm32h723xx.o(HEAP) for Heap_Mem
    startup_stm32h723xx.o(.text) refers to startup_stm32h723xx.o(STACK) for Stack_Mem
    main.o(.text.main) refers to main.o(.text.MPU_Config) for MPU_Config
    main.o(.text.main) refers to stm32h7xx_hal.o(.text.HAL_Init) for HAL_Init
    main.o(.text.main) refers to main.o(.text.SystemClock_Config) for SystemClock_Config
    main.o(.text.main) refers to gpio.o(.text.MX_GPIO_Init) for MX_GPIO_Init
    main.o(.text.main) refers to dma.o(.text.MX_DMA_Init) for MX_DMA_Init
    main.o(.text.main) refers to usart.o(.text.MX_UART4_Init) for MX_UART4_Init
    main.o(.text.main) refers to config.o(.text.Config_Init) for Config_Init
    main.o(.text.main) refers to cmsis_os2.o(.text.osKernelInitialize) for osKernelInitialize
    main.o(.text.main) refers to freertos.o(.text.MX_FREERTOS_Init) for MX_FREERTOS_Init
    main.o(.text.main) refers to cmsis_os2.o(.text.osKernelStart) for osKernelStart
    main.o(.ARM.exidx.text.main) refers to main.o(.text.main) for [Anonymous Symbol]
    main.o(.text.MPU_Config) refers to stm32h7xx_hal_cortex.o(.text.HAL_MPU_Disable) for HAL_MPU_Disable
    main.o(.text.MPU_Config) refers to stm32h7xx_hal_cortex.o(.text.HAL_MPU_ConfigRegion) for HAL_MPU_ConfigRegion
    main.o(.text.MPU_Config) refers to stm32h7xx_hal_cortex.o(.text.HAL_MPU_Enable) for HAL_MPU_Enable
    main.o(.ARM.exidx.text.MPU_Config) refers to main.o(.text.MPU_Config) for [Anonymous Symbol]
    main.o(.text.SystemClock_Config) refers to rt_memclr_w.o(.text) for __aeabi_memclr4
    main.o(.text.SystemClock_Config) refers to stm32h7xx_hal_pwr_ex.o(.text.HAL_PWREx_ConfigSupply) for HAL_PWREx_ConfigSupply
    main.o(.text.SystemClock_Config) refers to stm32h7xx_hal_rcc.o(.text.HAL_RCC_OscConfig) for HAL_RCC_OscConfig
    main.o(.text.SystemClock_Config) refers to main.o(.text.Error_Handler) for Error_Handler
    main.o(.text.SystemClock_Config) refers to stm32h7xx_hal_rcc.o(.text.HAL_RCC_ClockConfig) for HAL_RCC_ClockConfig
    main.o(.ARM.exidx.text.SystemClock_Config) refers to main.o(.text.SystemClock_Config) for [Anonymous Symbol]
    main.o(.ARM.exidx.text.Error_Handler) refers to main.o(.text.Error_Handler) for [Anonymous Symbol]
    main.o(.text.HAL_TIM_PeriodElapsedCallback) refers to stm32h7xx_hal.o(.text.HAL_IncTick) for HAL_IncTick
    main.o(.ARM.exidx.text.HAL_TIM_PeriodElapsedCallback) refers to main.o(.text.HAL_TIM_PeriodElapsedCallback) for [Anonymous Symbol]
    gpio.o(.ARM.exidx.text.MX_GPIO_Init) refers to gpio.o(.text.MX_GPIO_Init) for [Anonymous Symbol]
[...]
    __rt_lib_init_argv_1                     0x08000373   Thumb Code     0  libinit2.o(.ARM.Collect$$libinit$$0000002E)
    __rt_lib_init_atexit_1                   0x08000373   Thumb Code     0  libinit2.o(.ARM.Collect$$libinit$$0000001D)
    __rt_lib_init_clock_1                    0x08000373   Thumb Code     0  libinit2.o(.ARM.Collect$$libinit$$00000023)
    __rt_lib_init_cpp_1                      0x08000373   Thumb Code     0  libinit2.o(.ARM.Collect$$libinit$$00000034)
    __rt_lib_init_exceptions_1               0x08000373   Thumb Code     0  libinit2.o(.ARM.Collect$$libinit$$00000032)
    __rt_lib_init_fp_trap_1                  0x08000373   Thumb Code     0  libinit2.o(.ARM.Collect$$libinit$$00000021)
    __rt_lib_init_getenv_1                   0x08000373   Thumb Code     0  libinit2.o(.ARM.Collect$$libinit$$00000025)
    __rt_lib_init_heap_1                     0x08000373   Thumb Code     0  libinit2.o(.ARM.Collect$$libinit$$0000000C)
    __rt_lib_init_lc_collate_1               0x08000373   Thumb Code     0  libinit2.o(.ARM.Collect$$libinit$$00000013)
    __rt_lib_init_lc_ctype_1                 0x08000373   Thumb Code     0  libinit2.o(.ARM.Collect$$libinit$$00000015)
    __rt_lib_init_lc_monetary_1              0x08000373   Thumb Code     0  libinit2.o(.ARM.Collect$$libinit$$00000017)
    __rt_lib_init_lc_numeric_1               0x08000373   Thumb Code     0  libinit2.o(.ARM.Collect$$libinit$$00000019)
    __rt_lib_init_lc_time_1                  0x08000373   Thumb Code     0  libinit2.o(.ARM.Collect$$libinit$$0000001B)
    __rt_lib_init_preinit_1                  0x08000373   Thumb Code     0  libinit2.o(.ARM.Collect$$libinit$$00000006)
    __rt_lib_init_rand_1                     0x08000373   Thumb Code     0  libinit2.o(.ARM.Collect$$libinit$$00000010)
    __rt_lib_init_relocate_pie_1             0x08000373   Thumb Code     0  libinit2.o(.ARM.Collect$$libinit$$00000004)
    __rt_lib_init_return                     0x08000373   Thumb Code     0  libinit2.o(.ARM.Collect$$libinit$$00000035)
    __rt_lib_init_signal_1                   0x08000373   Thumb Code     0  libinit2.o(.ARM.Collect$$libinit$$0000001F)
    __rt_lib_init_stdio_1                    0x08000373   Thumb Code     0  libinit2.o(.ARM.Collect$$libinit$$00000027)
    __rt_lib_init_user_alloc_1               0x08000373   Thumb Code     0  libinit2.o(.ARM.Collect$$libinit$$0000000E)
    __rt_lib_shutdown                        0x08000375   Thumb Code     0  libshutdown.o(.ARM.Collect$$libshutdown$$00000000)
    __rt_lib_shutdown_cpp_1                  0x08000377   Thumb Code     0  libshutdown2.o(.ARM.Collect$$libshutdown$$00000002)
    __rt_lib_shutdown_fp_trap_1              0x08000377   Thumb Code     0  libshutdown2.o(.ARM.Collect$$libshutdown$$00000007)
    __rt_lib_shutdown_heap_1                 0x08000377   Thumb Code     0  libshutdown2.o(.ARM.Collect$$libshutdown$$0000000F)
    __rt_lib_shutdown_return                 0x08000377   Thumb Code     0  libshutdown2.o(.ARM.Collect$$libshutdown$$00000010)
    __rt_lib_shutdown_signal_1               0x08000377   Thumb Code     0  libshutdown2.o(.ARM.Collect$$libshutdown$$0000000A)
    __rt_lib_shutdown_stdio_1                0x08000377   Thumb Code     0  libshutdown2.o(.ARM.Collect$$libshutdown$$00000004)
    __rt_lib_shutdown_user_alloc_1           0x08000377   Thumb Code     0  libshutdown2.o(.ARM.Collect$$libshutdown$$0000000C)
    __rt_entry                               0x08000379   Thumb Code     0  __rtentry.o(.ARM.Collect$$rtentry$$00000000)
    __rt_entry_presh_1                       0x08000379   Thumb Code     0  __rtentry2.o(.ARM.Collect$$rtentry$$00000002)
    __rt_entry_sh                            0x08000379   Thumb Code     0  __rtentry4.o(.ARM.Collect$$rtentry$$00000004)
    __rt_entry_li                            0x0800037f   Thumb Code     0  __rtentry2.o(.ARM.Collect$$rtentry$$0000000A)
    __rt_entry_postsh_1                      0x0800037f   Thumb Code     0  __rtentry2.o(.ARM.Collect$$rtentry$$00000009)
    __rt_entry_main                          0x08000383   Thumb Code     0  __rtentry2.o(.ARM.Collect$$rtentry$$0000000D)
    __rt_entry_postli_1                      0x08000383   Thumb Code     0  __rtentry2.o(.ARM.Collect$$rtentry$$0000000C)
    __rt_exit                                0x0800038b   Thumb Code     0  rtexit.o(.ARM.Collect$$rtexit$$00000000)
    __rt_exit_ls                             0x0800038d   Thumb Code     0  rtexit2.o(.ARM.Collect$$rtexit$$00000003)
    __rt_exit_prels_1                        0x0800038d   Thumb Code     0  rtexit2.o(.ARM.Collect$$rtexit$$00000002)
    __rt_exit_exit                           0x08000391   Thumb Code     0  rtexit2.o(.ARM.Collect$$rtexit$$00000004)
    Reset_Handler                            0x08000399   Thumb Code    12  startup_stm32h723xx.o(.text)
    ADC3_IRQHandler                          0x080003b7   Thumb Code     0  startup_stm32h723xx.o(.text)
    ADC_IRQHandler                           0x080003b7   Thumb Code     0  startup_stm32h723xx.o(.text)
    BDMA_Channel0_IRQHandler                 0x080003b7   Thumb Code     0  startup_stm32h723xx.o(.text)
    BDMA_Channel1_IRQHandler                 0x080003b7   Thumb Code     0  startup_stm32h723xx.o(.text)
    BDMA_Channel2_IRQHandler                 0x080003b7   Thumb Code     0  startup_stm32h723xx.o(.text)
    BDMA_Channel3_IRQHandler                 0x080003b7   Thumb Code     0  startup_stm32h723xx.o(.text)
    BDMA_Channel4_IRQHandler                 0x080003b7   Thumb Code     0  startup_stm32h723xx.o(.text)
    BDMA_Channel5_IRQHandler                 0x080003b7   Thumb Code     0  startup_stm32h723xx.o(.text)
    BDMA_Channel6_IRQHandler                 0x080003b7   Thumb Code     0  startup_stm32h723xx.o(.text)
    BDMA_Channel7_IRQHandler                 0x080003b7   Thumb Code     0  startup_stm32h723xx.o(.text)
    CEC_IRQHandler                           0x080003b7   Thumb Code     0  startup_stm32h723xx.o(.text)
    COMP1_IRQHandler                         0x080003b7   Thumb Code     0  startup_stm32h723xx.o(.text)
    CORDIC_IRQHandler                        0x080003b7   Thumb Code     0  startup_stm32h723xx.o(.text)
    CRS_IRQHandler                           0x080003b7   Thumb Code     0  startup_stm32h723xx.o(.text)
    DCMI_PSSI_IRQHandler                     0x080003b7   Thumb Code     0  startup_stm32h723xx.o(.text)
    DFSDM1_FLT0_IRQHandler                   0x080003b7   Thumb Code     0  startup_stm32h723xx.o(.text)
    DFSDM1_FLT1_IRQHandler                   0x080003b7   Thumb Code     0  startup_stm32h723xx.o(.text)
    DFSDM1_FLT2_IRQHandler                   0x080003b7   Thumb Code     0  startup_stm32h723xx.o(.text)
    DFSDM1_FLT3_IRQHandler                   0x080003b7   Thumb Code     0  startup_stm32h723xx.o(.text)
    DMA1_Stream2_IRQHandler                  0x080003b7   Thumb Code     0  startup_stm32h723xx.o(.text)
    DMA1_Stream3_IRQHandler                  0x080003b7   Thumb Code     0  startup_stm32h723xx.o(.text)
    DMA1_Stream4_IRQHandler                  0x080003b7   Thumb Code     0  startup_stm32h723xx.o(.text)
    DMA1_Stream5_IRQHandler                  0x080003b7   Thumb Code     0  startup_stm32h723xx.o(.text)
    DMA1_Stream6_IRQHandler                  0x080003b7   Thumb Code     0  startup_stm32h723xx.o(.text)
    DMA1_Stream7_IRQHandler                  0x080003b7   Thumb Code     0  startup_stm32h723xx.o(.text)
    DMA2D_IRQHandler                         0x080003b7   Thumb Code     0  startup_stm32h723xx.o(.text)
    DMA2_Stream0_IRQHandler                  0x080003b7   Thumb Code     0  startup_stm32h723xx.o(.text)
    DMA2_Stream1_IRQHandler                  0x080003b7   Thumb Code     0  startup_stm32h723xx.o(.text)
    DMA2_Stream2_IRQHandler                  0x080003b7   Thumb Code     0  startup_stm32h723xx.o(.text)
    DMA2_Stream3_IRQHandler                  0x080003b7   Thumb Code     0  startup_stm32h723xx.o(.text)
    DMA2_Stream4_IRQHandler                  0x080003b7   Thumb Code     0  startup_stm32h723xx.o(.text)
    DMA2_Stream5_IRQHandler                  0x080003b7   Thumb Code     0  startup_stm32h723xx.o(.text)
    DMA2_Stream6_IRQHandler                  0x080003b7   Thumb Code     0  startup_stm32h723xx.o(.text)
    DMA2_Stream7_IRQHandler                  0x080003b7   Thumb Code     0  startup_stm32h723xx.o(.text)
    DMAMUX1_OVR_IRQHandler                   0x080003b7   Thumb Code     0  startup_stm32h723xx.o(.text)
    DMAMUX2_OVR_IRQHandler                   0x080003b7   Thumb Code     0  startup_stm32h723xx.o(.text)
    DTS_IRQHandler                           0x080003b7   Thumb Code     0  startup_stm32h723xx.o(.text)
    ECC_IRQHandler                           0x080003b7   Thumb Code     0  startup_stm32h723xx.o(.text)
    ETH_IRQHandler                           0x080003b7   Thumb Code     0  startup_stm32h723xx.o(.text)
    ETH_WKUP_IRQHandler                      0x080003b7   Thumb Code     0  startup_stm32h723xx.o(.text)
    EXTI0_IRQHandler                         0x080003b7   Thumb Code     0  startup_stm32h723xx.o(.text)
    EXTI15_10_IRQHandler                     0x080003b7   Thumb Code     0  startup_stm32h723xx.o(.text)
    EXTI1_IRQHandler                         0x080003b7   Thumb Code     0  startup_stm32h723xx.o(.text)
    EXTI2_IRQHandler                         0x080003b7   Thumb Code     0  startup_stm32h723xx.o(.text)
    EXTI3_IRQHandler                         0x080003b7   Thumb Code     0  startup_stm32h723xx.o(.text)
    EXTI4_IRQHandler                         0x080003b7   Thumb Code     0  startup_stm32h723xx.o(.text)
    EXTI9_5_IRQHandler                       0x080003b7   Thumb Code     0  startup_stm32h723xx.o(.text)
    FDCAN1_IT0_IRQHandler                    0x080003b7   Thumb Code     0  startup_stm32h723xx.o(.text)
    FDCAN1_IT1_IRQHandler                    0x080003b7   Thumb Code     0  startup_stm32h723xx.o(.text)
    FDCAN2_IT0_IRQHandler                    0x080003b7   Thumb Code     0  startup_stm32h723xx.o(.text)
    FDCAN2_IT1_IRQHandler                    0x080003b7   Thumb Code     0  startup_stm32h723xx.o(.text)
    FDCAN3_IT0_IRQHandler                    0x080003b7   Thumb Code     0  startup_stm32h723xx.o(.text)
    FDCAN3_IT1_IRQHandler                    0x080003b7   Thumb Code     0  startup_stm32h723xx.o(.text)
    FDCAN_CAL_IRQHandler                     0x080003b7   Thumb Code     0  startup_stm32h723xx.o(.text)
    FLASH_IRQHandler                         0x080003b7   Thumb Code     0  startup_stm32h723xx.o(.text)
    FMAC_IRQHandler                          0x080003b7   Thumb Code     0  startup_stm32h723xx.o(.text)
    FMC_IRQHandler                           0x080003b7   Thumb Code     0  startup_stm32h723xx.o(.text)
    FPU_IRQHandler                           0x080003b7   Thumb Code     0  startup_stm32h723xx.o(.text)
    HSEM1_IRQHandler                         0x080003b7   Thumb Code     0  startup_stm32h723xx.o(.text)
    I2C1_ER_IRQHandler                       0x080003b7   Thumb Code     0  startup_stm32h723xx.o(.text)
    I2C1_EV_IRQHandler                       0x080003b7   Thumb Code     0  startup_stm32h723xx.o(.text)
    I2C2_ER_IRQHandler                       0x080003b7   Thumb Code     0  startup_stm32h723xx.o(.text)
    I2C2_EV_IRQHandler                       0x080003b7   Thumb Code     0  startup_stm32h723xx.o(.text)
    I2C3_ER_IRQHandler                       0x080003b7   Thumb Code     0  startup_stm32h723xx.o(.text)
    I2C3_EV_IRQHandler                       0x080003b7   Thumb Code     0  startup_stm32h723xx.o(.text)
    I2C4_ER_IRQHandler                       0x080003b7   Thumb Code     0  startup_stm32h723xx.o(.text)
    I2C4_EV_IRQHandler                       0x080003b7   Thumb Code     0  startup_stm32h723xx.o(.text)
    I2C5_ER_IRQHandler                       0x080003b7   Thumb Code     0  startup_stm32h723xx.o(.text)
    I2C5_EV_IRQHandler                       0x080003b7   Thumb Code     0  startup_stm32h723xx.o(.text)
    LPTIM1_IRQHandler                        0x080003b7   Thumb Code     0  startup_stm32h723xx.o(.text)
    LPTIM2_IRQHandler                        0x080003b7   Thumb Code     0  startup_stm32h723xx.o(.text)
    LPTIM3_IRQHandler                        0x080003b7   Thumb Code     0  startup_stm32h723xx.o(.text)
    LPTIM4_IRQHandler                        0x080003b7   Thumb Code     0  startup_stm32h723xx.o(.text)
    LPTIM5_IRQHandler                        0x080003b7   Thumb Code     0  startup_stm32h723xx.o(.text)
    LPUART1_IRQHandler                       0x080003b7   Thumb Code     0  startup_stm32h723xx.o(.text)
    LTDC_ER_IRQHandler                       0x080003b7   Thumb Code     0  startup_stm32h723xx.o(.text)
    LTDC_IRQHandler                          0x080003b7   Thumb Code     0  startup_stm32h723xx.o(.text)
    MDIOS_IRQHandler                         0x080003b7   Thumb Code     0  startup_stm32h723xx.o(.text)
    MDIOS_WKUP_IRQHandler                    0x080003b7   Thumb Code     0  startup_stm32h723xx.o(.text)
    MDMA_IRQHandler                          0x080003b7   Thumb Code     0  startup_stm32h723xx.o(.text)
    OCTOSPI1_IRQHandler                      0x080003b7   Thumb Code     0  startup_stm32h723xx.o(.text)
    OCTOSPI2_IRQHandler                      0x080003b7   Thumb Code     0  startup_stm32h723xx.o(.text)
    OTG_HS_EP1_IN_IRQHandler                 0x080003b7   Thumb Code     0  startup_stm32h723xx.o(.text)
    OTG_HS_EP1_OUT_IRQHandler                0x080003b7   Thumb Code     0  startup_stm32h723xx.o(.text)
    OTG_HS_IRQHandler                        0x080003b7   Thumb Code     0  startup_stm32h723xx.o(.text)
    OTG_HS_WKUP_IRQHandler                   0x080003b7   Thumb Code     0  startup_stm32h723xx.o(.text)
    PVD_AVD_IRQHandler                       0x080003b7   Thumb Code     0  startup_stm32h723xx.o(.text)
    RCC_IRQHandler                           0x080003b7   Thumb Code     0  startup_stm32h723xx.o(.text)
    RNG_IRQHandler                           0x080003b7   Thumb Code     0  startup_stm32h723xx.o(.text)
    RTC_Alarm_IRQHandler                     0x080003b7   Thumb Code     0  startup_stm32h723xx.o(.text)
    RTC_WKUP_IRQHandler                      0x080003b7   Thumb Code     0  startup_stm32h723xx.o(.text)
    SAI1_IRQHandler                          0x080003b7   Thumb Code     0  startup_stm32h723xx.o(.text)
    SAI4_IRQHandler                          0x080003b7   Thumb Code     0  startup_stm32h723xx.o(.text)
    SDMMC1_IRQHandler                        0x080003b7   Thumb Code     0  startup_stm32h723xx.o(.text)
    SDMMC2_IRQHandler                        0x080003b7   Thumb Code     0  startup_stm32h723xx.o(.text)
    SPDIF_RX_IRQHandler                      0x080003b7   Thumb Code     0  startup_stm32h723xx.o(.text)
    SPI1_IRQHandler                          0x080003b7   Thumb Code     0  startup_stm32h723xx.o(.text)
    SPI2_IRQHandler                          0x080003b7   Thumb Code     0  startup_stm32h723xx.o(.text)
    SPI3_IRQHandler                          0x080003b7   Thumb Code     0  startup_stm32h723xx.o(.text)
    SPI4_IRQHandler                          0x080003b7   Thumb Code     0  startup_stm32h723xx.o(.text)
    SPI5_IRQHandler                          0x080003b7   Thumb Code     0  startup_stm32h723xx.o(.text)
    SPI6_IRQHandler                          0x080003b7   Thumb Code     0  startup_stm32h723xx.o(.text)
    SWPMI1_IRQHandler                        0x080003b7   Thumb Code     0  startup_stm32h723xx.o(.text)
    TAMP_STAMP_IRQHandler                    0x080003b7   Thumb Code     0  startup_stm32h723xx.o(.text)
    TIM15_IRQHandler                         0x080003b7   Thumb Code     0  startup_stm32h723xx.o(.text)
    TIM16_IRQHandler                         0x080003b7   Thumb Code     0  startup_stm32h723xx.o(.text)
    TIM17_IRQHandler                         0x080003b7   Thumb Code     0  startup_stm32h723xx.o(.text)
    TIM1_BRK_IRQHandler                      0x080003b7   Thumb Code     0  startup_stm32h723xx.o(.text)
    TIM1_CC_IRQHandler                       0x080003b7   Thumb Code     0  startup_stm32h723xx.o(.text)
    TIM1_TRG_COM_IRQHandler                  0x080003b7   Thumb Code     0  startup_stm32h723xx.o(.text)
    TIM23_IRQHandler                         0x080003b7   Thumb Code     0  startup_stm32h723xx.o(.text)
    TIM24_IRQHandler                         0x080003b7   Thumb Code     0  startup_stm32h723xx.o(.text)
    TIM2_IRQHandler                          0x080003b7   Thumb Code     0  startup_stm32h723xx.o(.text)
    TIM3_IRQHandler                          0x080003b7   Thumb Code     0  startup_stm32h723xx.o(.text)
    TIM4_IRQHandler                          0x080003b7   Thumb Code     0  startup_stm32h723xx.o(.text)
    TIM5_IRQHandler                          0x080003b7   Thumb Code     0  startup_stm32h723xx.o(.text)
    TIM6_DAC_IRQHandler                      0x080003b7   Thumb Code     0  startup_stm32h723xx.o(.text)
    TIM7_IRQHandler                          0x080003b7   Thumb Code     0  startup_stm32h723xx.o(.text)
    TIM8_BRK_TIM12_IRQHandler                0x080003b7   Thumb Code     0  startup_stm32h723xx.o(.text)
    TIM8_CC_IRQHandler                       0x080003b7   Thumb Code     0  startup_stm32h723xx.o(.text)
    TIM8_TRG_COM_TIM14_IRQHandler            0x080003b7   Thumb Code     0  startup_stm32h723xx.o(.text)
    TIM8_UP_TIM13_IRQHandler                 0x080003b7   Thumb Code     0  startup_stm32h723xx.o(.text)
    UART5_IRQHandler                         0x080003b7   Thumb Code     0  startup_stm32h723xx.o(.text)
    UART7_IRQHandler                         0x080003b7   Thumb Code     0  startup_stm32h723xx.o(.text)
    UART8_IRQHandler                         0x080003b7   Thumb Code     0  startup_stm32h723xx.o(.text)
    UART9_IRQHandler                         0x080003b7   Thumb Code     0  startup_stm32h723xx.o(.text)
    USART10_IRQHandler                       0x080003b7   Thumb Code     0  startup_stm32h723xx.o(.text)
    USART1_IRQHandler                        0x080003b7   Thumb Code     0  startup_stm32h723xx.o(.text)
    USART2_IRQHandler                        0x080003b7   Thumb Code     0  startup_stm32h723xx.o(.text)
    USART3_IRQHandler                        0x080003b7   Thumb Code     0  startup_stm32h723xx.o(.text)
    USART6_IRQHandler                        0x080003b7   Thumb Code     0  startup_stm32h723xx.o(.text)
    WAKEUP_PIN_IRQHandler                    0x080003b7   Thumb Code     0  startup_stm32h723xx.o(.text)
    WWDG_IRQHandler                          0x080003b7   Thumb Code     0  startup_stm32h723xx.o(.text)
    __user_initial_stackheap                 0x080003b9   Thumb Code     0  startup_stm32h723xx.o(.text)
    __aeabi_uldivmod                         0x080003e1   Thumb Code     0  lludivv7m.o(.text)
    _ll_udiv                                 0x080003e1   Thumb Code   240  lludivv7m.o(.text)
    __aeabi_memcpy                           0x080004d1   Thumb Code     0  rt_memcpy_v6.o(.text)
    __rt_memcpy                              0x080004d1   Thumb Code   138  rt_memcpy_v6.o(.text)
    _memcpy_lastbytes                        0x08000537   Thumb Code     0  rt_memcpy_v6.o(.text)
    __aeabi_memset4                          0x0800055b   Thumb Code    16  aeabi_memset4.o(.text)
    __aeabi_memset8                          0x0800055b   Thumb Code     0  aeabi_memset4.o(.text)
    __aeabi_memclr4                          0x0800056b   Thumb Code     0  rt_memclr_w.o(.text)
    __aeabi_memclr8                          0x0800056b   Thumb Code     0  rt_memclr_w.o(.text)
    __rt_memclr_w                            0x0800056b   Thumb Code     0  rt_memclr_w.o(.text)
    _memset_w                                0x0800056f   Thumb Code    74  rt_memclr_w.o(.text)
    __use_two_region_memory                  0x080005b9   Thumb Code     2  heapauxi.o(.text)
    __rt_heap_escrow$2region                 0x080005bb   Thumb Code     2  heapauxi.o(.text)
    __rt_heap_expand$2region                 0x080005bd   Thumb Code     2  heapauxi.o(.text)
    __aeabi_memcpy4                          0x080005bf   Thumb Code     0  rt_memcpy_w.o(.text)
    __aeabi_memcpy8                          0x080005bf   Thumb Code     0  rt_memcpy_w.o(.text)
    __rt_memcpy_w                            0x080005bf   Thumb Code   100  rt_memcpy_w.o(.text)
    _memcpy_lastbytes_aligned                0x08000607   Thumb Code     0  rt_memcpy_w.o(.text)
    __user_setup_stackheap                   0x08000623   Thumb Code    74  sys_stackheap_outer.o(.text)
    exit                                     0x0800066d   Thumb Code    18  exit.o(.text)
    __user_libspace                          0x08000681   Thumb Code     8  libspace.o(.text)
    __user_perproc_libspace                  0x08000681   Thumb Code     0  libspace.o(.text)
    __user_perthread_libspace                0x08000681   Thumb Code     0  libspace.o(.text)
    _sys_exit                                0x08000689   Thumb Code     8  sys_exit.o(.text)
    __I$use$semihosting                      0x08000695   Thumb Code     0  use_no_semi.o(.text)
    __use_no_semihosting_swi                 0x08000695   Thumb Code     2  use_no_semi.o(.text)
    __semihosting_library_function           0x08000697   Thumb Code     0  indicate_semi.o(.text)
    BusFault_Handler                         0x08000699   Thumb Code     4  stm32h7xx_it.o(.text.BusFault_Handler)
    Calculate                                0x080006a1   Thumb Code   272  comms_task.o(.text.Calculate)
    Config_Init                              0x080007c9   Thumb Code   460  config.o(.text.Config_Init)
    DMA1_Stream0_IRQHandler                  0x08000999   Thumb Code    16  stm32h7xx_it.o(.text.DMA1_Stream0_IRQHandler)
    DMA1_Stream1_IRQHandler                  0x080009a9   Thumb Code    16  stm32h7xx_it.o(.text.DMA1_Stream1_IRQHandler)
    DebugMon_Handler                         0x08001439   Thumb Code     2  stm32h7xx_it.o(.text.DebugMon_Handler)
    Error_Handler                            0x08001441   Thumb Code    14  main.o(.text.Error_Handler)
    ExitRun0Mode                             0x08001451   Thumb Code    40  system_stm32h7xx.o(.text.ExitRun0Mode)
    HAL_DMA_Abort                            0x08001479   Thumb Code  2424  stm32h7xx_hal_dma.o(.text.HAL_DMA_Abort)
    HAL_DMA_Abort_IT                         0x08001df1   Thumb Code  1706  stm32h7xx_hal_dma.o(.text.HAL_DMA_Abort_IT)
    HAL_DMA_IRQHandler                       0x080024a1   Thumb Code  4544  stm32h7xx_hal_dma.o(.text.HAL_DMA_IRQHandler)
    HAL_DMA_Init                             0x08003661   Thumb Code  2400  stm32h7xx_hal_dma.o(.text.HAL_DMA_Init)
    HAL_DMA_Start_IT                         0x08003fc1   Thumb Code  1794  stm32h7xx_hal_dma.o(.text.HAL_DMA_Start_IT)
    HAL_GPIO_Init                            0x080046c9   Thumb Code   936  stm32h7xx_hal_gpio.o(.text.HAL_GPIO_Init)
    HAL_GetTick                              0x08004a71   Thumb Code    12  stm32h7xx_hal.o(.text.HAL_GetTick)
    HAL_IncTick                              0x08004a81   Thumb Code    26  stm32h7xx_hal.o(.text.HAL_IncTick)
    HAL_Init                                 0x08004aa1   Thumb Code   122  stm32h7xx_hal.o(.text.HAL_Init)
    HAL_InitTick                             0x08004b21   Thumb Code   198  stm32h7xx_hal_timebase_tim.o(.text.HAL_InitTick)
    HAL_MPU_ConfigRegion                     0x08004be9   Thumb Code   128  stm32h7xx_hal_cortex.o(.text.HAL_MPU_ConfigRegion)
    HAL_MPU_Disable                          0x08004c69   Thumb Code    34  stm32h7xx_hal_cortex.o(.text.HAL_MPU_Disable)
    HAL_MPU_Enable                           0x08004c91   Thumb Code    48  stm32h7xx_hal_cortex.o(.text.HAL_MPU_Enable)
    HAL_MspInit                              0x08004cc1   Thumb Code    50  stm32h7xx_hal_msp.o(.text.HAL_MspInit)
    HAL_NVIC_EnableIRQ                       0x08004cf9   Thumb Code    20  stm32h7xx_hal_cortex.o(.text.HAL_NVIC_EnableIRQ)
    HAL_NVIC_SetPriority                     0x08004d11   Thumb Code    46  stm32h7xx_hal_cortex.o(.text.HAL_NVIC_SetPriority)
    HAL_NVIC_SetPriorityGrouping             0x08004d41   Thumb Code    16  stm32h7xx_hal_cortex.o(.text.HAL_NVIC_SetPriorityGrouping)
    HAL_PWREx_ConfigSupply                   0x08004d51   Thumb Code   162  stm32h7xx_hal_pwr_ex.o(.text.HAL_PWREx_ConfigSupply)
    HAL_RCCEx_GetD3PCLK1Freq                 0x08004df9   Thumb Code    38  stm32h7xx_hal_rcc_ex.o(.text.HAL_RCCEx_GetD3PCLK1Freq)
    HAL_RCCEx_GetPLL2ClockFreq               0x08004e21   Thumb Code   648  stm32h7xx_hal_rcc_ex.o(.text.HAL_RCCEx_GetPLL2ClockFreq)
    HAL_RCCEx_GetPLL3ClockFreq               0x080050b9   Thumb Code   648  stm32h7xx_hal_rcc_ex.o(.text.HAL_RCCEx_GetPLL3ClockFreq)
    HAL_RCCEx_PeriphCLKConfig                0x08005351   Thumb Code  4076  stm32h7xx_hal_rcc_ex.o(.text.HAL_RCCEx_PeriphCLKConfig)
    HAL_RCC_ClockConfig                      0x08006341   Thumb Code  1176  stm32h7xx_hal_rcc.o(.text.HAL_RCC_ClockConfig)
    HAL_RCC_GetClockConfig                   0x080067d9   Thumb Code   136  stm32h7xx_hal_rcc.o(.text.HAL_RCC_GetClockConfig)
    HAL_RCC_GetHCLKFreq                      0x08006861   Thumb Code    86  stm32h7xx_hal_rcc.o(.text.HAL_RCC_GetHCLKFreq)
    HAL_RCC_GetPCLK1Freq                     0x080068b9   Thumb Code    38  stm32h7xx_hal_rcc.o(.text.HAL_RCC_GetPCLK1Freq)
    HAL_RCC_GetPCLK2Freq                     0x080068e1   Thumb Code    38  stm32h7xx_hal_rcc.o(.text.HAL_RCC_GetPCLK2Freq)
    HAL_RCC_GetSysClockFreq                  0x08006909   Thumb Code   748  stm32h7xx_hal_rcc.o(.text.HAL_RCC_GetSysClockFreq)
    HAL_RCC_OscConfig                        0x08006c09   Thumb Code  2592  stm32h7xx_hal_rcc.o(.text.HAL_RCC_OscConfig)
    HAL_TIMEx_Break2Callback                 0x08007629   Thumb Code     8  stm32h7xx_hal_tim_ex.o(.text.HAL_TIMEx_Break2Callback)
    HAL_TIMEx_BreakCallback                  0x08007631   Thumb Code     8  stm32h7xx_hal_tim_ex.o(.text.HAL_TIMEx_BreakCallback)
    HAL_TIMEx_CommutCallback                 0x08007639   Thumb Code     8  stm32h7xx_hal_tim_ex.o(.text.HAL_TIMEx_CommutCallback)
    HAL_TIM_Base_Init                        0x08007641   Thumb Code   168  stm32h7xx_hal_tim.o(.text.HAL_TIM_Base_Init)
    HAL_TIM_Base_MspInit                     0x080076e9   Thumb Code     8  stm32h7xx_hal_tim.o(.text.HAL_TIM_Base_MspInit)
    HAL_TIM_Base_Start_IT                    0x080076f1   Thumb Code   296  stm32h7xx_hal_tim.o(.text.HAL_TIM_Base_Start_IT)
    HAL_TIM_IC_CaptureCallback               0x08007819   Thumb Code     8  stm32h7xx_hal_tim.o(.text.HAL_TIM_IC_CaptureCallback)
    HAL_TIM_IRQHandler                       0x08007821   Thumb Code   592  stm32h7xx_hal_tim.o(.text.HAL_TIM_IRQHandler)
    HAL_TIM_OC_DelayElapsedCallback          0x08007a71   Thumb Code     8  stm32h7xx_hal_tim.o(.text.HAL_TIM_OC_DelayElapsedCallback)
    HAL_TIM_PWM_PulseFinishedCallback        0x08007a79   Thumb Code     8  stm32h7xx_hal_tim.o(.text.HAL_TIM_PWM_PulseFinishedCallback)
    HAL_TIM_PeriodElapsedCallback            0x08007a81   Thumb Code    32  main.o(.text.HAL_TIM_PeriodElapsedCallback)
    HAL_TIM_TriggerCallback                  0x08007aa1   Thumb Code     8  stm32h7xx_hal_tim.o(.text.HAL_TIM_TriggerCallback)
    HAL_UARTEx_DisableFifoMode               0x08007aa9   Thumb Code   124  stm32h7xx_hal_uart_ex.o(.text.HAL_UARTEx_DisableFifoMode)
    HAL_UARTEx_ReceiveToIdle_DMA             0x08007b29   Thumb Code   176  stm32h7xx_hal_uart_ex.o(.text.HAL_UARTEx_ReceiveToIdle_DMA)
    HAL_UARTEx_RxEventCallback               0x08007bd9   Thumb Code  2840  comms_task.o(.text.HAL_UARTEx_RxEventCallback)
    HAL_UARTEx_RxFifoFullCallback            0x080086f1   Thumb Code     8  stm32h7xx_hal_uart_ex.o(.text.HAL_UARTEx_RxFifoFullCallback)
    HAL_UARTEx_SetRxFifoThreshold            0x080086f9   Thumb Code   140  stm32h7xx_hal_uart_ex.o(.text.HAL_UARTEx_SetRxFifoThreshold)
    HAL_UARTEx_SetTxFifoThreshold            0x08008789   Thumb Code   140  stm32h7xx_hal_uart_ex.o(.text.HAL_UARTEx_SetTxFifoThreshold)
    HAL_UARTEx_TxFifoEmptyCallback           0x08008819   Thumb Code     8  stm32h7xx_hal_uart_ex.o(.text.HAL_UARTEx_TxFifoEmptyCallback)
    HAL_UARTEx_WakeupCallback                0x08008821   Thumb Code     8  stm32h7xx_hal_uart_ex.o(.text.HAL_UARTEx_WakeupCallback)
    HAL_UART_ErrorCallback                   0x08008829   Thumb Code     8  stm32h7xx_hal_uart.o(.text.HAL_UART_ErrorCallback)
    HAL_UART_IRQHandler                      0x08008831   Thumb Code  1790  stm32h7xx_hal_uart.o(.text.HAL_UART_IRQHandler)
    HAL_UART_Init                            0x08008f31   Thumb Code   170  stm32h7xx_hal_uart.o(.text.HAL_UART_Init)
    HAL_UART_MspInit                         0x08008fe1   Thumb Code   346  usart.o(.text.HAL_UART_MspInit)
    HAL_UART_RxCpltCallback                  0x08009141   Thumb Code     8  stm32h7xx_hal_uart.o(.text.HAL_UART_RxCpltCallback)
    HAL_UART_RxHalfCpltCallback              0x08009149   Thumb Code     8  stm32h7xx_hal_uart.o(.text.HAL_UART_RxHalfCpltCallback)
    HAL_UART_Transmit_DMA                    0x08009151   Thumb Code   264  stm32h7xx_hal_uart.o(.text.HAL_UART_Transmit_DMA)
    HAL_UART_TxCpltCallback                  0x08009259   Thumb Code     8  stm32h7xx_hal_uart.o(.text.HAL_UART_TxCpltCallback)
    HAL_UART_TxHalfCpltCallback              0x08009261   Thumb Code     8  stm32h7xx_hal_uart.o(.text.HAL_UART_TxHalfCpltCallback)
    HardFault_Handler                        0x08009269   Thumb Code     4  stm32h7xx_it.o(.text.HardFault_Handler)
    MX_DMA_Init                              0x080092c9   Thumb Code    78  dma.o(.text.MX_DMA_Init)
    MX_FREERTOS_Init                         0x08009319   Thumb Code    74  freertos.o(.text.MX_FREERTOS_Init)
    MX_GPIO_Init                             0x08009369   Thumb Code    66  gpio.o(.text.MX_GPIO_Init)
    MX_UART4_Init                            0x080093b1   Thumb Code   142  usart.o(.text.MX_UART4_Init)
    MemManage_Handler                        0x08009441   Thumb Code     4  stm32h7xx_it.o(.text.MemManage_Handler)
    NMI_Handler                              0x08009449   Thumb Code     4  stm32h7xx_it.o(.text.NMI_Handler)
    PendSV_Handler                           0x080094c1   Thumb Code   100  port.o(.text.PendSV_Handler)
    SVC_Handler                              0x080098d1   Thumb Code    36  port.o(.text.SVC_Handler)
    StartDefaultTask                         0x08009909   Thumb Code    16  freertos.o(.text.StartDefaultTask)
    SysTick_Handler                          0x08009919   Thumb Code    30  cmsis_os2.o(.text.SysTick_Handler)
    SystemClock_Config                       0x08009939   Thumb Code   200  main.o(.text.SystemClock_Config)
    SystemInit                               0x08009a01   Thumb Code   358  system_stm32h7xx.o(.text.SystemInit)
    TIM1_UP_IRQHandler                       0x08009b69   Thumb Code    16  stm32h7xx_it.o(.text.TIM1_UP_IRQHandler)
    TIM_Base_SetConfig                       0x08009b79   Thumb Code   452  stm32h7xx_hal_tim.o(.text.TIM_Base_SetConfig)
    UART4_IRQHandler                         0x08009d41   Thumb Code    16  stm32h7xx_it.o(.text.UART4_IRQHandler)
    UART_AdvFeatureConfig                    0x08009dd9   Thumb Code   328  stm32h7xx_hal_uart.o(.text.UART_AdvFeatureConfig)
    UART_CheckIdleState                      0x08009f21   Thumb Code   326  stm32h7xx_hal_uart.o(.text.UART_CheckIdleState)
    UART_SetConfig                           0x0800a419   Thumb Code  2638  stm32h7xx_hal_uart.o(.text.UART_SetConfig)
    UART_Start_Receive_DMA                   0x0800ae69   Thumb Code   302  stm32h7xx_hal_uart.o(.text.UART_Start_Receive_DMA)
    UART_WaitOnFlagUntilTimeout              0x0800af99   Thumb Code   268  stm32h7xx_hal_uart.o(.text.UART_WaitOnFlagUntilTimeout)
    UsageFault_Handler                       0x0800b0a9   Thumb Code     4  stm32h7xx_it.o(.text.UsageFault_Handler)
    ZIGBEE                                   0x0800b0b1   Thumb Code    16  comms_task.o(.text.ZIGBEE)
    get_Conf                                 0x0800b1d1   Thumb Code    88  zigbee.o(.text.get_Conf)
    get_localInfo                            0x0800b229   Thumb Code    70  zigbee.o(.text.get_localInfo)
    load_Conf                                0x0800b271   Thumb Code   172  zigbee.o(.text.load_Conf)
    main                                     0x0800b321   Thumb Code    52  main.o(.text.main)
    osDelay                                  0x0800b359   Thumb Code    52  cmsis_os2.o(.text.osDelay)
    osKernelInitialize                       0x0800b391   Thumb Code    70  cmsis_os2.o(.text.osKernelInitialize)
    osKernelStart                            0x0800b3d9   Thumb Code    82  cmsis_os2.o(.text.osKernelStart)
    osThreadNew                              0x0800b431   Thumb Code   346  cmsis_os2.o(.text.osThreadNew)
    pvPortMalloc                             0x0800c469   Thumb Code   492  heap_4.o(.text.pvPortMalloc)
    pxPortInitialiseStack                    0x0800c659   Thumb Code    94  port.o(.text.pxPortInitialiseStack)
    uxListRemove                             0x0800c6b9   Thumb Code    72  list.o(.text.uxListRemove)
    vApplicationGetIdleTaskMemory            0x0800c701   Thumb Code    42  cmsis_os2.o(.text.vApplicationGetIdleTaskMemory)
    vApplicationGetTimerTaskMemory           0x0800c731   Thumb Code    44  cmsis_os2.o(.text.vApplicationGetTimerTaskMemory)
    vListInitialise                          0x0800c761   Thumb Code    46  list.o(.text.vListInitialise)
    vListInitialiseItem                      0x0800c791   Thumb Code    14  list.o(.text.vListInitialiseItem)
    vListInsert                              0x0800c7a1   Thumb Code   106  list.o(.text.vListInsert)
    vListInsertEnd                           0x0800c811   Thumb Code    58  list.o(.text.vListInsertEnd)
    vPortEnterCritical                       0x0800c869   Thumb Code    86  port.o(.text.vPortEnterCritical)
    vPortExitCritical                        0x0800c8c1   Thumb Code    74  port.o(.text.vPortExitCritical)
    vPortFree                                0x0800c911   Thumb Code   206  heap_4.o(.text.vPortFree)
    vPortSetupTimerInterrupt                 0x0800c9e1   Thumb Code    68  port.o(.text.vPortSetupTimerInterrupt)
    vPortValidateInterruptPriority           0x0800ca29   Thumb Code   132  port.o(.text.vPortValidateInterruptPriority)
    vQueueAddToRegistry                      0x0800cab1   Thumb Code    82  queue.o(.text.vQueueAddToRegistry)
    vQueueWaitForMessageRestricted           0x0800cb09   Thumb Code   100  queue.o(.text.vQueueWaitForMessageRestricted)
    vTaskDelay                               0x0800cb71   Thumb Code   110  tasks.o(.text.vTaskDelay)
    vTaskInternalSetTimeOutState             0x0800cbe1   Thumb Code    36  tasks.o(.text.vTaskInternalSetTimeOutState)
    vTaskMissedYield                         0x0800cc09   Thumb Code    14  tasks.o(.text.vTaskMissedYield)
    vTaskPlaceOnEventList                    0x0800cc19   Thumb Code    66  tasks.o(.text.vTaskPlaceOnEventList)
    vTaskPlaceOnEventListRestricted          0x0800cc61   Thumb Code    82  tasks.o(.text.vTaskPlaceOnEventListRestricted)
    vTaskStartScheduler                      0x0800ccb9   Thumb Code   224  tasks.o(.text.vTaskStartScheduler)
    vTaskSuspendAll                          0x0800cd99   Thumb Code    16  tasks.o(.text.vTaskSuspendAll)
    vTaskSwitchContext                       0x0800cda9   Thumb Code   198  tasks.o(.text.vTaskSwitchContext)
    write_DevMode                            0x0800ce71   Thumb Code   134  zigbee.o(.text.write_DevMode)
    write_DstAddr                            0x0800cef9   Thumb Code   138  zigbee.o(.text.write_DstAddr)
    write_MyAddr                             0x0800cf89   Thumb Code   138  zigbee.o(.text.write_MyAddr)
    xPortStartScheduler                      0x0800d019   Thumb Code   342  port.o(.text.xPortStartScheduler)
    xPortSysTickHandler                      0x0800d171   Thumb Code    60  port.o(.text.xPortSysTickHandler)
    xQueueGenericCreateStatic                0x0800d1b1   Thumb Code   270  queue.o(.text.xQueueGenericCreateStatic)
    xQueueGenericReset                       0x0800d2c1   Thumb Code   186  queue.o(.text.xQueueGenericReset)
    xQueueGenericSend                        0x0800d381   Thumb Code   556  queue.o(.text.xQueueGenericSend)
    xQueueGenericSendFromISR                 0x0800d5b1   Thumb Code   332  queue.o(.text.xQueueGenericSendFromISR)
    xQueueReceive                            0x0800d701   Thumb Code   476  queue.o(.text.xQueueReceive)
    xTaskCheckForTimeOut                     0x0800d8e1   Thumb Code   204  tasks.o(.text.xTaskCheckForTimeOut)
    xTaskCreate                              0x0800d9b1   Thumb Code   158  tasks.o(.text.xTaskCreate)
    xTaskCreateStatic                        0x0800da51   Thumb Code   206  tasks.o(.text.xTaskCreateStatic)
    xTaskGetSchedulerState                   0x0800db21   Thumb Code    56  tasks.o(.text.xTaskGetSchedulerState)
    xTaskGetTickCount                        0x0800db59   Thumb Code    20  tasks.o(.text.xTaskGetTickCount)
    xTaskIncrementTick                       0x0800db71   Thumb Code   452  tasks.o(.text.xTaskIncrementTick)
    xTaskPriorityDisinherit                  0x0800dd39   Thumb Code   236  tasks.o(.text.xTaskPriorityDisinherit)
    xTaskRemoveFromEventList                 0x0800de29   Thumb Code   206  tasks.o(.text.xTaskRemoveFromEventList)
    xTaskResumeAll                           0x0800def9   Thumb Code   390  tasks.o(.text.xTaskResumeAll)
    xTimerCreateTimerTask                    0x0800e081   Thumb Code   148  timers.o(.text.xTimerCreateTimerTask)
    xTimerGenericCommand                     0x0800e119   Thumb Code   176  timers.o(.text.xTimerGenericCommand)
    zigbee_init                              0x0800e1c9   Thumb Code    56  zigbee.o(.text.zigbee_init)
    zigbee_transmit                          0x0800e201   Thumb Code    92  zigbee.o(.text.zigbee_transmit)
    _fp_init                                 0x0800e25d   Thumb Code    26  fpinit.o(x$fpl$fpinit)
    __fplib_config_fpu_vfp                   0x0800e275   Thumb Code     0  fpinit.o(x$fpl$fpinit)
    __fplib_config_pureend_doubles           0x0800e275   Thumb Code     0  fpinit.o(x$fpl$fpinit)
    COMMS_task_attributes                    0x0800e278   Data          36  freertos.o(.rodata.COMMS_task_attributes)
    D1CorePrescTable                         0x0800e29c   Data          16  system_stm32h7xx.o(.rodata.D1CorePrescTable)
    UARTPrescTable                           0x0800e2c4   Data          24  stm32h7xx_hal_uart.o(.rodata.UARTPrescTable)
    defaultTask_attributes                   0x0800e2dc   Data          36  freertos.o(.rodata.defaultTask_attributes)
    Region$$Table$$Base                      0x0800e32c   Number         0  anon$$obj.o(Region$$Table)
    Region$$Table$$Limit                     0x0800e34c   Number         0  anon$$obj.o(Region$$Table)
    Kf                                       0x24000000   Data           4  config.o(.data.Kf)
    Kxp                                      0x24000004   Data           4  config.o(.data.Kxp)
    SystemCoreClock                          0x24000008   Data           4  system_stm32h7xx.o(.data.SystemCoreClock)
    SystemD2Clock                            0x2400000c   Data           4  system_stm32h7xx.o(.data.SystemD2Clock)
    addition                                 0x24000010   Data           4  config.o(.data.addition)
    uwTickFreq                               0x24000014   Data           1  stm32h7xx_hal.o(.data.uwTickFreq)
    uwTickPrio                               0x24000018   Data           4  stm32h7xx_hal.o(.data.uwTickPrio)
    zigbee_state                             0x24000020   Data          28  config.o(.data.zigbee_state)
    __libspace_start                         0x24000040   Data          96  libspace.o(.bss)
    Adjust_rxData                            0x240000a0   Data           5  config.o(.bss.Adjust_rxData)
    __temporary_stack_top$libspace           0x240000a0   Data           0  libspace.o(.bss)
    Adjust_txData                            0x240000a5   Data           5  config.o(.bss.Adjust_txData)
    COMMS_taskHandle                         0x240000ac   Data           4  freertos.o(.bss.COMMS_taskHandle)
    defaultTaskHandle                        0x240000b4   Data           4  freertos.o(.bss.defaultTaskHandle)
    hdma_uart4_rx                            0x240000b8   Data         120  usart.o(.bss.hdma_uart4_rx)
    hdma_uart4_tx                            0x24000130   Data         120  usart.o(.bss.hdma_uart4_tx)
    htim1                                    0x240001a8   Data          76  stm32h7xx_hal_timebase_tim.o(.bss.htim1)
    huart4                                   0x240001f4   Data         148  usart.o(.bss.huart4)
    pxCurrentTCB                             0x2400037c   Data           4  tasks.o(.bss.pxCurrentTCB)
    uwTick                                   0x240043fc   Data           4  stm32h7xx_hal.o(.bss.uwTick)
    xQueueRegistry                           0x24004b54   Data          64  queue.o(.bss.xQueueRegistry)
    x_L                                      0x24004bd8   Data           1  config.o(.bss.x_L)
    x_R                                      0x24004bd9   Data           1  config.o(.bss.x_R)
    y_L                                      0x24004bda   Data           1  config.o(.bss.y_L)
    y_R                                      0x24004bdb   Data           1  config.o(.bss.y_R)
    zigbee_conf                              0x24004bdc   Data          52  config.o(.bss.zigbee_conf)
    zigbee_rxBuffer                          0x24004c10   Data         100  config.o(.bss.zigbee_rxBuffer)
    zigbee_txBuffer                          0x24004c74   Data         100  config.o(.bss.zigbee_txBuffer)



==============================================================================

Memory Map of the image

  Image Entry point : 0x080002cd

  Load Region LR_IROM1 (Base: 0x08000000, Size: 0x0000e390, Max: 0x00100000, ABSOLUTE)

    Execution Region ER_IROM1 (Exec base: 0x08000000, Load base: 0x08000000, Size: 0x0000e34c, Max: 0x00100000, ABSOLUTE)

    Exec Addr    Load Addr    Size         Type   Attr      Idx    E Section Name        Object

    0x08000000   0x08000000   0x000002cc   Data   RO            3    RESET               startup_stm32h723xx.o
    0x080002cc   0x080002cc   0x00000008   Code   RO         2351  * !!!main             c_w.l(__main.o)
    0x080002d4   0x080002d4   0x0000005c   Code   RO         2528    !!!scatter          c_w.l(__scatter.o)
    0x08000330   0x08000330   0x0000001a   Code   RO         2532    !!handler_copy      c_w.l(__scatter_copy.o)
    0x0800034a   0x0800034a   0x00000002   PAD
    0x0800034c   0x0800034c   0x00000002   Code   RO         2529    !!handler_null      c_w.l(__scatter.o)
    0x0800034e   0x0800034e   0x00000002   PAD
    0x08000350   0x08000350   0x0000001c   Code   RO         2534    !!handler_zi        c_w.l(__scatter_zi.o)
    0x0800036c   0x0800036c   0x00000002   Code   RO         2390    .ARM.Collect$$libinit$$00000000  c_w.l(libinit.o)
    0x0800036e   0x0800036e   0x00000004   Code   RO         2402    .ARM.Collect$$libinit$$00000001  c_w.l(libinit2.o)
    0x08000372   0x08000372   0x00000000   Code   RO         2405    .ARM.Collect$$libinit$$00000004  c_w.l(libinit2.o)
    0x08000372   0x08000372   0x00000000   Code   RO         2407    .ARM.Collect$$libinit$$00000006  c_w.l(libinit2.o)
    0x08000372   0x08000372   0x00000000   Code   RO         2410    .ARM.Collect$$libinit$$0000000C  c_w.l(libinit2.o)
    0x08000372   0x08000372   0x00000000   Code   RO         2412    .ARM.Collect$$libinit$$0000000E  c_w.l(libinit2.o)
    0x08000372   0x08000372   0x00000000   Code   RO         2414    .ARM.Collect$$libinit$$00000010  c_w.l(libinit2.o)
    0x08000372   0x08000372   0x00000000   Code   RO         2417    .ARM.Collect$$libinit$$00000013  c_w.l(libinit2.o)
    0x08000372   0x08000372   0x00000000   Code   RO         2419    .ARM.Collect$$libinit$$00000015  c_w.l(libinit2.o)
    0x08000372   0x08000372   0x00000000   Code   RO         2421    .ARM.Collect$$libinit$$00000017  c_w.l(libinit2.o)
    0x08000372   0x08000372   0x00000000   Code   RO         2423    .ARM.Collect$$libinit$$00000019  c_w.l(libinit2.o)
    0x08000372   0x08000372   0x00000000   Code   RO         2425    .ARM.Collect$$libinit$$0000001B  c_w.l(libinit2.o)
    0x08000372   0x08000372   0x00000000   Code   RO         2427    .ARM.Collect$$libinit$$0000001D  c_w.l(libinit2.o)
    0x08000372   0x08000372   0x00000000   Code   RO         2429    .ARM.Collect$$libinit$$0000001F  c_w.l(libinit2.o)
    0x08000372   0x08000372   0x00000000   Code   RO         2431    .ARM.Collect$$libinit$$00000021  c_w.l(libinit2.o)
    0x08000372   0x08000372   0x00000000   Code   RO         2433    .ARM.Collect$$libinit$$00000023  c_w.l(libinit2.o)
    0x08000372   0x08000372   0x00000000   Code   RO         2435    .ARM.Collect$$libinit$$00000025  c_w.l(libinit2.o)
    0x08000372   0x08000372   0x00000000   Code   RO         2437    .ARM.Collect$$libinit$$00000027  c_w.l(libinit2.o)
    0x08000372   0x08000372   0x00000000   Code   RO         2441    .ARM.Collect$$libinit$$0000002E  c_w.l(libinit2.o)
    0x08000372   0x08000372   0x00000000   Code   RO         2443    .ARM.Collect$$libinit$$00000030  c_w.l(libinit2.o)
    0x08000372   0x08000372   0x00000000   Code   RO         2445    .ARM.Collect$$libinit$$00000032  c_w.l(libinit2.o)
    0x08000372   0x08000372   0x00000000   Code   RO         2447    .ARM.Collect$$libinit$$00000034  c_w.l(libinit2.o)
    0x08000372   0x08000372   0x00000002   Code   RO         2448    .ARM.Collect$$libinit$$00000035  c_w.l(libinit2.o)
    0x08000374   0x08000374   0x00000002   Code   RO         2483    .ARM.Collect$$libshutdown$$00000000  c_w.l(libshutdown.o)
    0x08000376   0x08000376   0x00000000   Code   RO         2511    .ARM.Collect$$libshutdown$$00000002  c_w.l(libshutdown2.o)
    0x08000376   0x08000376   0x00000000   Code   RO         2513    .ARM.Collect$$libshutdown$$00000004  c_w.l(libshutdown2.o)
    0x08000376   0x08000376   0x00000000   Code   RO         2516    .ARM.Collect$$libshutdown$$00000007  c_w.l(libshutdown2.o)
    0x08000376   0x08000376   0x00000000   Code   RO         2519    .ARM.Collect$$libshutdown$$0000000A  c_w.l(libshutdown2.o)
    0x08000376   0x08000376   0x00000000   Code   RO         2521    .ARM.Collect$$libshutdown$$0000000C  c_w.l(libshutdown2.o)
    0x08000376   0x08000376   0x00000000   Code   RO         2524    .ARM.Collect$$libshutdown$$0000000F  c_w.l(libshutdown2.o)
    0x08000376   0x08000376   0x00000002   Code   RO         2525    .ARM.Collect$$libshutdown$$00000010  c_w.l(libshutdown2.o)
    0x08000378   0x08000378   0x00000000   Code   RO         2353    .ARM.Collect$$rtentry$$00000000  c_w.l(__rtentry.o)
    0x08000378   0x08000378   0x00000000   Code   RO         2361    .ARM.Collect$$rtentry$$00000002  c_w.l(__rtentry2.o)
    0x08000378   0x08000378   0x00000006   Code   RO         2373    .ARM.Collect$$rtentry$$00000004  c_w.l(__rtentry4.o)
    0x0800037e   0x0800037e   0x00000000   Code   RO         2363    .ARM.Collect$$rtentry$$00000009  c_w.l(__rtentry2.o)
    0x0800037e   0x0800037e   0x00000004   Code   RO         2364    .ARM.Collect$$rtentry$$0000000A  c_w.l(__rtentry2.o)
    0x08000382   0x08000382   0x00000000   Code   RO         2366    .ARM.Collect$$rtentry$$0000000C  c_w.l(__rtentry2.o)
    0x08000382   0x08000382   0x00000008   Code   RO         2367    .ARM.Collect$$rtentry$$0000000D  c_w.l(__rtentry2.o)
    0x0800038a   0x0800038a   0x00000002   Code   RO         2394    .ARM.Collect$$rtexit$$00000000  c_w.l(rtexit.o)
    0x0800038c   0x0800038c   0x00000000   Code   RO         2454    .ARM.Collect$$rtexit$$00000002  c_w.l(rtexit2.o)
    0x0800038c   0x0800038c   0x00000004   Code   RO         2455    .ARM.Collect$$rtexit$$00000003  c_w.l(rtexit2.o)
    0x08000390   0x08000390   0x00000006   Code   RO         2456    .ARM.Collect$$rtexit$$00000004  c_w.l(rtexit2.o)
    0x08000396   0x08000396   0x00000002   PAD
    0x08000398   0x08000398   0x00000048   Code   RO            4    .text               startup_stm32h723xx.o
    0x080003e0   0x080003e0   0x000000f0   Code   RO         2337    .text               c_w.l(lludivv7m.o)
    0x080004d0   0x080004d0   0x0000008a   Code   RO         2339    .text               c_w.l(rt_memcpy_v6.o)
    0x0800055a   0x0800055a   0x00000010   Code   RO         2343    .text               c_w.l(aeabi_memset4.o)
    0x0800056a   0x0800056a   0x0000004e   Code   RO         2347    .text               c_w.l(rt_memclr_w.o)
    0x080005b8   0x080005b8   0x00000006   Code   RO         2349    .text               c_w.l(heapauxi.o)
    0x080005be   0x080005be   0x00000064   Code   RO         2358    .text               c_w.l(rt_memcpy_w.o)
    0x08000622   0x08000622   0x0000004a   Code   RO         2377    .text               c_w.l(sys_stackheap_outer.o)
    0x0800066c   0x0800066c   0x00000012   Code   RO         2379    .text               c_w.l(exit.o)
    0x0800067e   0x0800067e   0x00000002   PAD
    0x08000680   0x08000680   0x00000008   Code   RO         2391    .text               c_w.l(libspace.o)
    0x08000688   0x08000688   0x0000000c   Code   RO         2449    .text               c_w.l(sys_exit.o)
    0x08000694   0x08000694   0x00000002   Code   RO         2472    .text               c_w.l(use_no_semi.o)
    0x08000696   0x08000696   0x00000000   Code   RO         2474    .text               c_w.l(indicate_semi.o)
    0x08000696   0x08000696   0x00000002   PAD
    0x08000698   0x08000698   0x00000004   Code   RO           85    .text.BusFault_Handler  stm32h7xx_it.o
    0x0800069c   0x0800069c   0x00000004   PAD
    0x080006a0   0x080006a0   0x00000124   Code   RO         2323    .text.Calculate     comms_task.o
    0x080007c4   0x080007c4   0x00000004   PAD
    0x080007c8   0x080007c8   0x000001cc   Code   RO         2299    .text.Config_Init   config.o
    0x08000994   0x08000994   0x00000004   PAD
    0x08000998   0x08000998   0x00000010   Code   RO           91    .text.DMA1_Stream0_IRQHandler  stm32h7xx_it.o
    0x080009a8   0x080009a8   0x00000010   Code   RO           93    .text.DMA1_Stream1_IRQHandler  stm32h7xx_it.o
    0x080009b8   0x080009b8   0x000001ca   Code   RO          814    .text.DMA_CalcBaseAndBitshift  stm32h7xx_hal_dma.o
    0x08000b82   0x08000b82   0x00000006   PAD
    0x08000b88   0x08000b88   0x00000178   Code   RO          816    .text.DMA_CalcDMAMUXChannelBaseAndMask  stm32h7xx_hal_dma.o
    0x08000d00   0x08000d00   0x0000012a   Code   RO          818    .text.DMA_CalcDMAMUXRequestGenBaseAndMask  stm32h7xx_hal_dma.o
    0x08000e2a   0x08000e2a   0x00000006   PAD
    0x08000e30   0x08000e30   0x000000f0   Code   RO          812    .text.DMA_CheckFifoParam  stm32h7xx_hal_dma.o
    0x08000f20   0x08000f20   0x00000514   Code   RO          824    .text.DMA_SetConfig  stm32h7xx_hal_dma.o
    0x08001434   0x08001434   0x00000004   PAD
    0x08001438   0x08001438   0x00000002   Code   RO           89    .text.DebugMon_Handler  stm32h7xx_it.o
    0x0800143a   0x0800143a   0x00000006   PAD
    0x08001440   0x08001440   0x0000000e   Code   RO           17    .text.Error_Handler  main.o
    0x0800144e   0x0800144e   0x00000002   PAD
    0x08001450   0x08001450   0x00000028   Code   RO         1578    .text.ExitRun0Mode  system_stm32h7xx.o
    0x08001478   0x08001478   0x00000978   Code   RO          828    .text.HAL_DMA_Abort  stm32h7xx_hal_dma.o
    0x08001df0   0x08001df0   0x000006aa   Code   RO          830    .text.HAL_DMA_Abort_IT  stm32h7xx_hal_dma.o
    0x0800249a   0x0800249a   0x00000006   PAD
    0x080024a0   0x080024a0   0x000011c0   Code   RO          834    .text.HAL_DMA_IRQHandler  stm32h7xx_hal_dma.o
    0x08003660   0x08003660   0x00000960   Code   RO          810    .text.HAL_DMA_Init  stm32h7xx_hal_dma.o
    0x08003fc0   0x08003fc0   0x00000702   Code   RO          826    .text.HAL_DMA_Start_IT  stm32h7xx_hal_dma.o
    0x080046c2   0x080046c2   0x00000006   PAD
    0x080046c8   0x080046c8   0x000003a8   Code   RO          758    .text.HAL_GPIO_Init  stm32h7xx_hal_gpio.o
    0x08004a70   0x08004a70   0x0000000c   Code   RO         1062    .text.HAL_GetTick   stm32h7xx_hal.o
    0x08004a7c   0x08004a7c   0x00000004   PAD
    0x08004a80   0x08004a80   0x0000001a   Code   RO         1060    .text.HAL_IncTick   stm32h7xx_hal.o
    0x08004a9a   0x08004a9a   0x00000006   PAD
    0x08004aa0   0x08004aa0   0x0000007a   Code   RO         1050    .text.HAL_Init      stm32h7xx_hal.o
    0x08004b1a   0x08004b1a   0x00000006   PAD
    0x08004b20   0x08004b20   0x000000c6   Code   RO          114    .text.HAL_InitTick  stm32h7xx_hal_timebase_tim.o
    0x08004be6   0x08004be6   0x00000002   PAD
    0x08004be8   0x08004be8   0x00000080   Code   RO          516    .text.HAL_MPU_ConfigRegion  stm32h7xx_hal_cortex.o
    0x08004c68   0x08004c68   0x00000022   Code   RO          508    .text.HAL_MPU_Disable  stm32h7xx_hal_cortex.o
    0x08004c8a   0x08004c8a   0x00000006   PAD
    0x08004c90   0x08004c90   0x00000030   Code   RO          510    .text.HAL_MPU_Enable  stm32h7xx_hal_cortex.o
    0x08004cc0   0x08004cc0   0x00000032   Code   RO          106    .text.HAL_MspInit   stm32h7xx_hal_msp.o
    0x08004cf2   0x08004cf2   0x00000006   PAD
    0x08004cf8   0x08004cf8   0x00000014   Code   RO          492    .text.HAL_NVIC_EnableIRQ  stm32h7xx_hal_cortex.o
    0x08004d0c   0x08004d0c   0x00000004   PAD
    0x08004d10   0x08004d10   0x0000002e   Code   RO          484    .text.HAL_NVIC_SetPriority  stm32h7xx_hal_cortex.o
    0x08004d3e   0x08004d3e   0x00000002   PAD
    0x08004d40   0x08004d40   0x00000010   Code   RO          480    .text.HAL_NVIC_SetPriorityGrouping  stm32h7xx_hal_cortex.o
    0x08004d50   0x08004d50   0x000000a2   Code   RO          967    .text.HAL_PWREx_ConfigSupply  stm32h7xx_hal_pwr_ex.o
    0x08004df2   0x08004df2   0x00000006   PAD
    0x08004df8   0x08004df8   0x00000026   Code   RO          608    .text.HAL_RCCEx_GetD3PCLK1Freq  stm32h7xx_hal_rcc_ex.o
    0x08004e1e   0x08004e1e   0x00000002   PAD
    0x08004e20   0x08004e20   0x00000298   Code   RO          604    .text.HAL_RCCEx_GetPLL2ClockFreq  stm32h7xx_hal_rcc_ex.o
    0x080050b8   0x080050b8   0x00000298   Code   RO          606    .text.HAL_RCCEx_GetPLL3ClockFreq  stm32h7xx_hal_rcc_ex.o
    0x08005350   0x08005350   0x00000fec   Code   RO          592    .text.HAL_RCCEx_PeriphCLKConfig  stm32h7xx_hal_rcc_ex.o
    0x0800633c   0x0800633c   0x00000004   PAD
    0x08006340   0x08006340   0x00000498   Code   RO          561    .text.HAL_RCC_ClockConfig  stm32h7xx_hal_rcc.o
    0x080067d8   0x080067d8   0x00000088   Code   RO          579    .text.HAL_RCC_GetClockConfig  stm32h7xx_hal_rcc.o
    0x08006860   0x08006860   0x00000056   Code   RO          571    .text.HAL_RCC_GetHCLKFreq  stm32h7xx_hal_rcc.o
    0x080068b6   0x080068b6   0x00000002   PAD
    0x080068b8   0x080068b8   0x00000026   Code   RO          573    .text.HAL_RCC_GetPCLK1Freq  stm32h7xx_hal_rcc.o
    0x080068de   0x080068de   0x00000002   PAD
    0x080068e0   0x080068e0   0x00000026   Code   RO          575    .text.HAL_RCC_GetPCLK2Freq  stm32h7xx_hal_rcc.o
    0x08006906   0x08006906   0x00000002   PAD
    0x08006908   0x08006908   0x000002fc   Code   RO          563    .text.HAL_RCC_GetSysClockFreq  stm32h7xx_hal_rcc.o
    0x08006c04   0x08006c04   0x00000004   PAD
    0x08006c08   0x08006c08   0x00000a20   Code   RO          559    .text.HAL_RCC_OscConfig  stm32h7xx_hal_rcc.o
    0x08007628   0x08007628   0x00000008   Code   RO          467    .text.HAL_TIMEx_Break2Callback  stm32h7xx_hal_tim_ex.o
    0x08007630   0x08007630   0x00000008   Code   RO          465    .text.HAL_TIMEx_BreakCallback  stm32h7xx_hal_tim_ex.o
    0x08007638   0x08007638   0x00000008   Code   RO          461    .text.HAL_TIMEx_CommutCallback  stm32h7xx_hal_tim_ex.o
    0x08007640   0x08007640   0x000000a8   Code   RO          128    .text.HAL_TIM_Base_Init  stm32h7xx_hal_tim.o
    0x080076e8   0x080076e8   0x00000008   Code   RO          130    .text.HAL_TIM_Base_MspInit  stm32h7xx_hal_tim.o
    0x080076f0   0x080076f0   0x00000128   Code   RO          142    .text.HAL_TIM_Base_Start_IT  stm32h7xx_hal_tim.o
    0x08007818   0x08007818   0x00000008   Code   RO          264    .text.HAL_TIM_IC_CaptureCallback  stm32h7xx_hal_tim.o
    0x08007820   0x08007820   0x00000250   Code   RO          262    .text.HAL_TIM_IRQHandler  stm32h7xx_hal_tim.o
    0x08007a70   0x08007a70   0x00000008   Code   RO          266    .text.HAL_TIM_OC_DelayElapsedCallback  stm32h7xx_hal_tim.o
    0x08007a78   0x08007a78   0x00000008   Code   RO          268    .text.HAL_TIM_PWM_PulseFinishedCallback  stm32h7xx_hal_tim.o
    0x08007a80   0x08007a80   0x00000020   Code   RO           19    .text.HAL_TIM_PeriodElapsedCallback  main.o
    0x08007aa0   0x08007aa0   0x00000008   Code   RO          272    .text.HAL_TIM_TriggerCallback  stm32h7xx_hal_tim.o
    0x08007aa8   0x08007aa8   0x0000007c   Code   RO         1551    .text.HAL_UARTEx_DisableFifoMode  stm32h7xx_hal_uart_ex.o
    0x08007b24   0x08007b24   0x00000004   PAD
    0x08007b28   0x08007b28   0x000000b0   Code   RO         1561    .text.HAL_UARTEx_ReceiveToIdle_DMA  stm32h7xx_hal_uart_ex.o
    0x08007bd8   0x08007bd8   0x00000b18   Code   RO         2327    .text.HAL_UARTEx_RxEventCallback  comms_task.o
    0x080086f0   0x080086f0   0x00000008   Code   RO         1533    .text.HAL_UARTEx_RxFifoFullCallback  stm32h7xx_hal_uart_ex.o
    0x080086f8   0x080086f8   0x0000008c   Code   RO         1555    .text.HAL_UARTEx_SetRxFifoThreshold  stm32h7xx_hal_uart_ex.o
    0x08008784   0x08008784   0x00000004   PAD
    0x08008788   0x08008788   0x0000008c   Code   RO         1553    .text.HAL_UARTEx_SetTxFifoThreshold  stm32h7xx_hal_uart_ex.o
    0x08008814   0x08008814   0x00000004   PAD
    0x08008818   0x08008818   0x00000008   Code   RO         1535    .text.HAL_UARTEx_TxFifoEmptyCallback  stm32h7xx_hal_uart_ex.o
    0x08008820   0x08008820   0x00000008   Code   RO         1531    .text.HAL_UARTEx_WakeupCallback  stm32h7xx_hal_uart_ex.o
    0x08008828   0x08008828   0x00000008   Code   RO         1473    .text.HAL_UART_ErrorCallback  stm32h7xx_hal_uart.o
    0x08008830   0x08008830   0x000006fe   Code   RO         1469    .text.HAL_UART_IRQHandler  stm32h7xx_hal_uart.o
    0x08008f2e   0x08008f2e   0x00000002   PAD
    0x08008f30   0x08008f30   0x000000aa   Code   RO         1381    .text.HAL_UART_Init  stm32h7xx_hal_uart.o
    0x08008fda   0x08008fda   0x00000006   PAD
    0x08008fe0   0x08008fe0   0x0000015a   Code   RO           65    .text.HAL_UART_MspInit  usart.o
    0x0800913a   0x0800913a   0x00000006   PAD
    0x08009140   0x08009140   0x00000008   Code   RO         1483    .text.HAL_UART_RxCpltCallback  stm32h7xx_hal_uart.o
    0x08009148   0x08009148   0x00000008   Code   RO         1485    .text.HAL_UART_RxHalfCpltCallback  stm32h7xx_hal_uart.o
    0x08009150   0x08009150   0x00000108   Code   RO         1421    .text.HAL_UART_Transmit_DMA  stm32h7xx_hal_uart.o
    0x08009258   0x08009258   0x00000008   Code   RO         1479    .text.HAL_UART_TxCpltCallback  stm32h7xx_hal_uart.o
    0x08009260   0x08009260   0x00000008   Code   RO         1481    .text.HAL_UART_TxHalfCpltCallback  stm32h7xx_hal_uart.o
    0x08009268   0x08009268   0x00000004   Code   RO           81    .text.HardFault_Handler  stm32h7xx_it.o
    0x0800926c   0x0800926c   0x00000004   PAD
    0x08009270   0x08009270   0x00000056   Code   RO           13    .text.MPU_Config    main.o
    0x080092c6   0x080092c6   0x00000002   PAD
    0x080092c8   0x080092c8   0x0000004e   Code   RO           55    .text.MX_DMA_Init   dma.o
    0x08009316   0x08009316   0x00000002   PAD
    0x08009318   0x08009318   0x0000004a   Code   RO           37    .text.MX_FREERTOS_Init  freertos.o
    0x08009362   0x08009362   0x00000006   PAD
    0x08009368   0x08009368   0x00000042   Code   RO           29    .text.MX_GPIO_Init  gpio.o
    0x080093aa   0x080093aa   0x00000006   PAD
    0x080093b0   0x080093b0   0x0000008e   Code   RO           63    .text.MX_UART4_Init  usart.o
    0x0800943e   0x0800943e   0x00000002   PAD
    0x08009440   0x08009440   0x00000004   Code   RO           83    .text.MemManage_Handler  stm32h7xx_it.o
    0x08009444   0x08009444   0x00000004   PAD
    0x08009448   0x08009448   0x00000004   Code   RO           79    .text.NMI_Handler   stm32h7xx_it.o
    0x0800944c   0x0800944c   0x00000004   PAD
    0x08009450   0x08009450   0x0000006c   Code   RO          490    .text.NVIC_EncodePriority  stm32h7xx_hal_cortex.o
    0x080094bc   0x080094bc   0x00000004   PAD
    0x080094c0   0x080094c0   0x00000064   Code   RO         2244    .text.PendSV_Handler  port.o
    0x08009524   0x08009524   0x00000004   PAD
    0x08009528   0x08009528   0x000001ca   Code   RO          594    .text.RCCEx_PLL2_Config  stm32h7xx_hal_rcc_ex.o
    0x080096f2   0x080096f2   0x00000006   PAD
    0x080096f8   0x080096f8   0x000001ca   Code   RO          596    .text.RCCEx_PLL3_Config  stm32h7xx_hal_rcc_ex.o
    0x080098c2   0x080098c2   0x0000000e   PAD
    0x080098d0   0x080098d0   0x00000024   Code   RO         2228    .text.SVC_Handler   port.o
    0x080098f4   0x080098f4   0x00000004   PAD
    0x080098f8   0x080098f8   0x0000000e   Code   RO         2024    .text.SVC_Setup     cmsis_os2.o
    0x08009906   0x08009906   0x00000002   PAD
    0x08009908   0x08009908   0x00000010   Code   RO           39    .text.StartDefaultTask  freertos.o
    0x08009918   0x08009918   0x0000001e   Code   RO         2014    .text.SysTick_Handler  cmsis_os2.o
    0x08009936   0x08009936   0x00000002   PAD
    0x08009938   0x08009938   0x000000c8   Code   RO           15    .text.SystemClock_Config  main.o
    0x08009a00   0x08009a00   0x00000166   Code   RO         1574    .text.SystemInit    system_stm32h7xx.o
    0x08009b66   0x08009b66   0x00000002   PAD
    0x08009b68   0x08009b68   0x00000010   Code   RO           95    .text.TIM1_UP_IRQHandler  stm32h7xx_it.o
    0x08009b78   0x08009b78   0x000001c4   Code   RO          132    .text.TIM_Base_SetConfig  stm32h7xx_hal_tim.o
    0x08009d3c   0x08009d3c   0x00000004   PAD
    0x08009d40   0x08009d40   0x00000010   Code   RO           97    .text.UART4_IRQHandler  stm32h7xx_it.o
    0x08009d50   0x08009d50   0x00000086   Code   RO         1549    .text.UARTEx_SetNbDataToProcess  stm32h7xx_hal_uart_ex.o
    0x08009dd6   0x08009dd6   0x00000002   PAD
    0x08009dd8   0x08009dd8   0x00000148   Code   RO         1385    .text.UART_AdvFeatureConfig  stm32h7xx_hal_uart.o
    0x08009f20   0x08009f20   0x00000146   Code   RO         1389    .text.UART_CheckIdleState  stm32h7xx_hal_uart.o
    0x0800a066   0x0800a066   0x00000002   PAD
    0x0800a068   0x0800a068   0x0000001e   Code   RO         1471    .text.UART_DMAAbortOnError  stm32h7xx_hal_uart.o
    0x0800a086   0x0800a086   0x00000002   PAD
    0x0800a088   0x0800a088   0x00000080   Code   RO         1427    .text.UART_DMAError  stm32h7xx_hal_uart.o
    0x0800a108   0x0800a108   0x000000f6   Code   RO         1517    .text.UART_DMAReceiveCplt  stm32h7xx_hal_uart.o
    0x0800a1fe   0x0800a1fe   0x00000002   PAD
    0x0800a200   0x0800a200   0x00000036   Code   RO         1519    .text.UART_DMARxHalfCplt  stm32h7xx_hal_uart.o
    0x0800a236   0x0800a236   0x00000002   PAD
    0x0800a238   0x0800a238   0x0000007a   Code   RO         1423    .text.UART_DMATransmitCplt  stm32h7xx_hal_uart.o
    0x0800a2b2   0x0800a2b2   0x00000006   PAD
    0x0800a2b8   0x0800a2b8   0x00000016   Code   RO         1425    .text.UART_DMATxHalfCplt  stm32h7xx_hal_uart.o
    0x0800a2ce   0x0800a2ce   0x00000002   PAD
    0x0800a2d0   0x0800a2d0   0x0000009e   Code   RO         1441    .text.UART_EndRxTransfer  stm32h7xx_hal_uart.o
    0x0800a36e   0x0800a36e   0x00000002   PAD
    0x0800a370   0x0800a370   0x00000044   Code   RO         1477    .text.UART_EndTransmit_IT  stm32h7xx_hal_uart.o
    0x0800a3b4   0x0800a3b4   0x00000004   PAD
    0x0800a3b8   0x0800a3b8   0x0000005c   Code   RO         1439    .text.UART_EndTxTransfer  stm32h7xx_hal_uart.o
    0x0800a414   0x0800a414   0x00000004   PAD
    0x0800a418   0x0800a418   0x00000a4e   Code   RO         1387    .text.UART_SetConfig  stm32h7xx_hal_uart.o
    0x0800ae66   0x0800ae66   0x00000002   PAD
    0x0800ae68   0x0800ae68   0x0000012e   Code   RO         1431    .text.UART_Start_Receive_DMA  stm32h7xx_hal_uart.o
    0x0800af96   0x0800af96   0x00000002   PAD
    0x0800af98   0x0800af98   0x0000010c   Code   RO         1403    .text.UART_WaitOnFlagUntilTimeout  stm32h7xx_hal_uart.o
    0x0800b0a4   0x0800b0a4   0x00000004   PAD
    0x0800b0a8   0x0800b0a8   0x00000004   Code   RO           87    .text.UsageFault_Handler  stm32h7xx_it.o
    0x0800b0ac   0x0800b0ac   0x00000004   PAD
    0x0800b0b0   0x0800b0b0   0x00000010   Code   RO         2325    .text.ZIGBEE        comms_task.o
    0x0800b0c0   0x0800b0c0   0x00000030   Code   RO          494    .text.__NVIC_EnableIRQ  stm32h7xx_hal_cortex.o
    0x0800b0f0   0x0800b0f0   0x00000010   Code   RO          486    .text.__NVIC_GetPriorityGrouping  stm32h7xx_hal_cortex.o
    0x0800b100   0x0800b100   0x00000042   Code   RO          488    .text.__NVIC_SetPriority  stm32h7xx_hal_cortex.o
    0x0800b142   0x0800b142   0x00000006   PAD
    0x0800b148   0x0800b148   0x00000042   Code   RO         2178    .text.__NVIC_SetPriority  cmsis_os2.o
    0x0800b18a   0x0800b18a   0x00000006   PAD
    0x0800b190   0x0800b190   0x0000003c   Code   RO          482    .text.__NVIC_SetPriorityGrouping  stm32h7xx_hal_cortex.o
    0x0800b1cc   0x0800b1cc   0x00000004   PAD
    0x0800b1d0   0x0800b1d0   0x00000058   Code   RO         2278    .text.get_Conf      zigbee.o
    0x0800b228   0x0800b228   0x00000046   Code   RO         2276    .text.get_localInfo  zigbee.o
    0x0800b26e   0x0800b26e   0x00000002   PAD
    0x0800b270   0x0800b270   0x000000ac   Code   RO         2288    .text.load_Conf     zigbee.o
    0x0800b31c   0x0800b31c   0x00000004   PAD
    0x0800b320   0x0800b320   0x00000034   Code   RO           11    .text.main          main.o
    0x0800b354   0x0800b354   0x00000004   PAD
    0x0800b358   0x0800b358   0x00000034   Code   RO         2082    .text.osDelay       cmsis_os2.o
    0x0800b38c   0x0800b38c   0x00000004   PAD
    0x0800b390   0x0800b390   0x00000046   Code   RO         2016    .text.osKernelInitialize  cmsis_os2.o
    0x0800b3d6   0x0800b3d6   0x00000002   PAD
    0x0800b3d8   0x0800b3d8   0x00000052   Code   RO         2022    .text.osKernelStart  cmsis_os2.o
    0x0800b42a   0x0800b42a   0x00000006   PAD
    0x0800b430   0x0800b430   0x0000015a   Code   RO         2046    .text.osThreadNew   cmsis_os2.o
    0x0800b58a   0x0800b58a   0x00000006   PAD
    0x0800b590   0x0800b590   0x000000d4   Code   RO         1808    .text.prvAddCurrentTaskToDelayedList  tasks.o
    0x0800b664   0x0800b664   0x00000004   PAD
    0x0800b668   0x0800b668   0x00000122   Code   RO         1794    .text.prvAddNewTaskToReadyList  tasks.o
    0x0800b78a   0x0800b78a   0x00000006   PAD
    0x0800b790   0x0800b790   0x000000a2   Code   RO         1945    .text.prvCheckForValidListAndQueue  timers.o
    0x0800b832   0x0800b832   0x00000006   PAD
    0x0800b838   0x0800b838   0x0000005a   Code   RO         1912    .text.prvCheckTasksWaitingTermination  tasks.o
    0x0800b892   0x0800b892   0x00000006   PAD
    0x0800b898   0x0800b898   0x00000042   Code   RO         1687    .text.prvCopyDataFromQueue  queue.o
    0x0800b8da   0x0800b8da   0x00000006   PAD
    0x0800b8e0   0x0800b8e0   0x000000cc   Code   RO         1675    .text.prvCopyDataToQueue  queue.o
    0x0800b9ac   0x0800b9ac   0x00000004   PAD
    0x0800b9b0   0x0800b9b0   0x0000005e   Code   RO         1800    .text.prvDeleteTCB  tasks.o
    0x0800ba0e   0x0800ba0e   0x00000002   PAD
    0x0800ba10   0x0800ba10   0x00000040   Code   RO         1983    .text.prvGetNextExpireTime  timers.o
    0x0800ba50   0x0800ba50   0x000000bc   Code   RO         2195    .text.prvHeapInit   heap_4.o
    0x0800bb0c   0x0800bb0c   0x00000004   PAD
    0x0800bb10   0x0800bb10   0x00000038   Code   RO         1834    .text.prvIdleTask   tasks.o
    0x0800bb48   0x0800bb48   0x00000048   Code   RO         1649    .text.prvInitialiseNewQueue  queue.o
    0x0800bb90   0x0800bb90   0x00000122   Code   RO         1792    .text.prvInitialiseNewTask  tasks.o
    0x0800bcb2   0x0800bcb2   0x00000006   PAD
    0x0800bcb8   0x0800bcb8   0x0000008e   Code   RO         1910    .text.prvInitialiseTaskLists  tasks.o
    0x0800bd46   0x0800bd46   0x00000002   PAD
    0x0800bd48   0x0800bd48   0x000000c6   Code   RO         2197    .text.prvInsertBlockIntoFreeList  heap_4.o
    0x0800be0e   0x0800be0e   0x00000002   PAD
    0x0800be10   0x0800be10   0x00000086   Code   RO         1995    .text.prvInsertTimerInActiveList  timers.o
    0x0800be96   0x0800be96   0x00000002   PAD
    0x0800be98   0x0800be98   0x00000028   Code   RO         1689    .text.prvIsQueueEmpty  queue.o
    0x0800bec0   0x0800bec0   0x0000002e   Code   RO         1677    .text.prvIsQueueFull  queue.o
    0x0800beee   0x0800beee   0x00000002   PAD
    0x0800bef0   0x0800bef0   0x00000028   Code   RO         2236    .text.prvPortStartFirstTask  port.o
    0x0800bf18   0x0800bf18   0x0000008e   Code   RO         1991    .text.prvProcessExpiredTimer  timers.o
    0x0800bfa6   0x0800bfa6   0x00000002   PAD
    0x0800bfa8   0x0800bfa8   0x00000192   Code   RO         1987    .text.prvProcessReceivedCommands  timers.o
    0x0800c13a   0x0800c13a   0x00000006   PAD
    0x0800c140   0x0800c140   0x0000009a   Code   RO         1985    .text.prvProcessTimerOrBlockTask  timers.o
    0x0800c1da   0x0800c1da   0x00000006   PAD
    0x0800c1e0   0x0800c1e0   0x00000046   Code   RO         1802    .text.prvResetNextTaskUnblockTime  tasks.o
    0x0800c226   0x0800c226   0x00000002   PAD
    0x0800c228   0x0800c228   0x00000044   Code   RO         1989    .text.prvSampleTimeNow  timers.o
    0x0800c26c   0x0800c26c   0x00000004   PAD
    0x0800c270   0x0800c270   0x000000d4   Code   RO         1993    .text.prvSwitchTimerLists  timers.o
    0x0800c344   0x0800c344   0x00000004   PAD
    0x0800c348   0x0800c348   0x0000004c   Code   RO         2226    .text.prvTaskExitError  port.o
    0x0800c394   0x0800c394   0x00000004   PAD
    0x0800c398   0x0800c398   0x0000001e   Code   RO         1947    .text.prvTimerTask  timers.o
    0x0800c3b6   0x0800c3b6   0x00000002   PAD
    0x0800c3b8   0x0800c3b8   0x000000ae   Code   RO         1679    .text.prvUnlockQueue  queue.o
    0x0800c466   0x0800c466   0x00000002   PAD
    0x0800c468   0x0800c468   0x000001ec   Code   RO         2193    .text.pvPortMalloc  heap_4.o
    0x0800c654   0x0800c654   0x00000004   PAD
    0x0800c658   0x0800c658   0x0000005e   Code   RO         2224    .text.pxPortInitialiseStack  port.o
    0x0800c6b6   0x0800c6b6   0x00000002   PAD
    0x0800c6b8   0x0800c6b8   0x00000048   Code   RO         1636    .text.uxListRemove  list.o
    0x0800c700   0x0800c700   0x0000002a   Code   RO         2174    .text.vApplicationGetIdleTaskMemory  cmsis_os2.o
    0x0800c72a   0x0800c72a   0x00000006   PAD
    0x0800c730   0x0800c730   0x0000002c   Code   RO         2176    .text.vApplicationGetTimerTaskMemory  cmsis_os2.o
    0x0800c75c   0x0800c75c   0x00000004   PAD
    0x0800c760   0x0800c760   0x0000002e   Code   RO         1628    .text.vListInitialise  list.o
    0x0800c78e   0x0800c78e   0x00000002   PAD
    0x0800c790   0x0800c790   0x0000000e   Code   RO         1630    .text.vListInitialiseItem  list.o
    0x0800c79e   0x0800c79e   0x00000002   PAD
    0x0800c7a0   0x0800c7a0   0x0000006a   Code   RO         1634    .text.vListInsert   list.o
    0x0800c80a   0x0800c80a   0x00000006   PAD
    0x0800c810   0x0800c810   0x0000003a   Code   RO         1632    .text.vListInsertEnd  list.o
    0x0800c84a   0x0800c84a   0x00000006   PAD
    0x0800c850   0x0800c850   0x00000014   Code   RO         2234    .text.vPortEnableVFP  port.o
    0x0800c864   0x0800c864   0x00000004   PAD
    0x0800c868   0x0800c868   0x00000056   Code   RO         2240    .text.vPortEnterCritical  port.o
    0x0800c8be   0x0800c8be   0x00000002   PAD
    0x0800c8c0   0x0800c8c0   0x0000004a   Code   RO         2242    .text.vPortExitCritical  port.o
    0x0800c90a   0x0800c90a   0x00000006   PAD
    0x0800c910   0x0800c910   0x000000ce   Code   RO         2199    .text.vPortFree     heap_4.o
    0x0800c9de   0x0800c9de   0x00000002   PAD
    0x0800c9e0   0x0800c9e0   0x00000044   Code   RO         2232    .text.vPortSetupTimerInterrupt  port.o
    0x0800ca24   0x0800ca24   0x00000004   PAD
    0x0800ca28   0x0800ca28   0x00000084   Code   RO         2248    .text.vPortValidateInterruptPriority  port.o
    0x0800caac   0x0800caac   0x00000004   PAD
    0x0800cab0   0x0800cab0   0x00000052   Code   RO         1719    .text.vQueueAddToRegistry  queue.o
    0x0800cb02   0x0800cb02   0x00000006   PAD
    0x0800cb08   0x0800cb08   0x00000064   Code   RO         1723    .text.vQueueWaitForMessageRestricted  queue.o
    0x0800cb6c   0x0800cb6c   0x00000004   PAD
    0x0800cb70   0x0800cb70   0x0000006e   Code   RO         1812    .text.vTaskDelay    tasks.o
    0x0800cbde   0x0800cbde   0x00000002   PAD
    0x0800cbe0   0x0800cbe0   0x00000024   Code   RO         1866    .text.vTaskInternalSetTimeOutState  tasks.o
    0x0800cc04   0x0800cc04   0x00000004   PAD
    0x0800cc08   0x0800cc08   0x0000000e   Code   RO         1870    .text.vTaskMissedYield  tasks.o
    0x0800cc16   0x0800cc16   0x00000002   PAD
    0x0800cc18   0x0800cc18   0x00000042   Code   RO         1854    .text.vTaskPlaceOnEventList  tasks.o
    0x0800cc5a   0x0800cc5a   0x00000006   PAD
    0x0800cc60   0x0800cc60   0x00000052   Code   RO         1858    .text.vTaskPlaceOnEventListRestricted  tasks.o
    0x0800ccb2   0x0800ccb2   0x00000006   PAD
    0x0800ccb8   0x0800ccb8   0x000000e0   Code   RO         1832    .text.vTaskStartScheduler  tasks.o
    0x0800cd98   0x0800cd98   0x00000010   Code   RO         1806    .text.vTaskSuspendAll  tasks.o
    0x0800cda8   0x0800cda8   0x000000c6   Code   RO         1824    .text.vTaskSwitchContext  tasks.o
    0x0800ce6e   0x0800ce6e   0x00000002   PAD
    0x0800ce70   0x0800ce70   0x00000086   Code   RO         2284    .text.write_DevMode  zigbee.o
    0x0800cef6   0x0800cef6   0x00000002   PAD
    0x0800cef8   0x0800cef8   0x0000008a   Code   RO         2282    .text.write_DstAddr  zigbee.o
    0x0800cf82   0x0800cf82   0x00000006   PAD
    0x0800cf88   0x0800cf88   0x0000008a   Code   RO         2280    .text.write_MyAddr  zigbee.o
    0x0800d012   0x0800d012   0x00000006   PAD
    0x0800d018   0x0800d018   0x00000156   Code   RO         2230    .text.xPortStartScheduler  port.o
    0x0800d16e   0x0800d16e   0x00000002   PAD
    0x0800d170   0x0800d170   0x0000003c   Code   RO         2246    .text.xPortSysTickHandler  port.o
    0x0800d1ac   0x0800d1ac   0x00000004   PAD
    0x0800d1b0   0x0800d1b0   0x0000010e   Code   RO         1647    .text.xQueueGenericCreateStatic  queue.o
    0x0800d2be   0x0800d2be   0x00000002   PAD
    0x0800d2c0   0x0800d2c0   0x000000ba   Code   RO         1645    .text.xQueueGenericReset  queue.o
    0x0800d37a   0x0800d37a   0x00000006   PAD
    0x0800d380   0x0800d380   0x0000022c   Code   RO         1665    .text.xQueueGenericSend  queue.o
    0x0800d5ac   0x0800d5ac   0x00000004   PAD
    0x0800d5b0   0x0800d5b0   0x0000014c   Code   RO         1681    .text.xQueueGenericSendFromISR  queue.o
    0x0800d6fc   0x0800d6fc   0x00000004   PAD
    0x0800d700   0x0800d700   0x000001dc   Code   RO         1685    .text.xQueueReceive  queue.o
    0x0800d8dc   0x0800d8dc   0x00000004   PAD
    0x0800d8e0   0x0800d8e0   0x000000cc   Code   RO         1868    .text.xTaskCheckForTimeOut  tasks.o
    0x0800d9ac   0x0800d9ac   0x00000004   PAD
    0x0800d9b0   0x0800d9b0   0x0000009e   Code   RO         1796    .text.xTaskCreate   tasks.o
    0x0800da4e   0x0800da4e   0x00000002   PAD
    0x0800da50   0x0800da50   0x000000ce   Code   RO         1790    .text.xTaskCreateStatic  tasks.o
    0x0800db1e   0x0800db1e   0x00000002   PAD
    0x0800db20   0x0800db20   0x00000038   Code   RO         1884    .text.xTaskGetSchedulerState  tasks.o
    0x0800db58   0x0800db58   0x00000014   Code   RO         1840    .text.xTaskGetTickCount  tasks.o
    0x0800db6c   0x0800db6c   0x00000004   PAD
    0x0800db70   0x0800db70   0x000001c4   Code   RO         1838    .text.xTaskIncrementTick  tasks.o
    0x0800dd34   0x0800dd34   0x00000004   PAD
    0x0800dd38   0x0800dd38   0x000000ec   Code   RO         1888    .text.xTaskPriorityDisinherit  tasks.o
    0x0800de24   0x0800de24   0x00000004   PAD
    0x0800de28   0x0800de28   0x000000ce   Code   RO         1860    .text.xTaskRemoveFromEventList  tasks.o
    0x0800def6   0x0800def6   0x00000002   PAD
    0x0800def8   0x0800def8   0x00000186   Code   RO         1810    .text.xTaskResumeAll  tasks.o
    0x0800e07e   0x0800e07e   0x00000002   PAD
    0x0800e080   0x0800e080   0x00000094   Code   RO         1943    .text.xTimerCreateTimerTask  timers.o
    0x0800e114   0x0800e114   0x00000004   PAD
    0x0800e118   0x0800e118   0x000000b0   Code   RO         1955    .text.xTimerGenericCommand  timers.o
    0x0800e1c8   0x0800e1c8   0x00000038   Code   RO         2290    .text.zigbee_init   zigbee.o
    0x0800e200   0x0800e200   0x0000005c   Code   RO         2260    .text.zigbee_transmit  zigbee.o
    0x0800e25c   0x0800e25c   0x0000001a   Code   RO         2466    x$fpl$fpinit        fz_wv.l(fpinit.o)
    0x0800e276   0x0800e276   0x00000002   PAD
    0x0800e278   0x0800e278   0x00000024   Data   RO           45    .rodata.COMMS_task_attributes  freertos.o
    0x0800e29c   0x0800e29c   0x00000010   Data   RO         1582    .rodata.D1CorePrescTable  system_stm32h7xx.o
    0x0800e2ac   0x0800e2ac   0x00000008   Data   RO          844    .rodata.DMA_CalcBaseAndBitshift.flagBitshiftOffset  stm32h7xx_hal_dma.o
    0x0800e2b4   0x0800e2b4   0x00000008   Data   RO         1566    .rodata.UARTEx_SetNbDataToProcess.denominator  stm32h7xx_hal_uart_ex.o
    0x0800e2bc   0x0800e2bc   0x00000008   Data   RO         1565    .rodata.UARTEx_SetNbDataToProcess.numerator  stm32h7xx_hal_uart_ex.o
    0x0800e2c4   0x0800e2c4   0x00000018   Data   RO         1521    .rodata.UARTPrescTable  stm32h7xx_hal_uart.o
    0x0800e2dc   0x0800e2dc   0x00000024   Data   RO           44    .rodata.defaultTask_attributes  freertos.o
    0x0800e300   0x0800e300   0x00000017   Data   RO           43    .rodata.str1.1      freertos.o
    0x0800e317   0x0800e317   0x00000005   Data   RO         1928    .rodata.str1.1      tasks.o
    0x0800e31c   0x0800e31c   0x0000000d   Data   RO         1998    .rodata.str1.1      timers.o
    0x0800e329   0x0800e329   0x00000003   PAD
    0x0800e32c   0x0800e32c   0x00000020   Data   RO         2527    Region$$Table       anon$$obj.o


    Execution Region RW_IRAM1 (Exec base: 0x20000000, Load base: 0x0800e34c, Size: 0x00000000, Max: 0x00020000, ABSOLUTE)

    **** No section assigned to this execution region ****


    Execution Region RW_IRAM2 (Exec base: 0x24000000, Load base: 0x0800e350, Size: 0x000052d8, Max: 0x00050000, ABSOLUTE)

    Exec Addr    Load Addr    Size         Type   Attr      Idx    E Section Name        Object

    0x24000000   0x0800e350   0x00000004   Data   RW         2301    .data.Kf            config.o
    0x24000004   0x0800e354   0x00000004   Data   RW         2302    .data.Kxp           config.o
    0x24000008   0x0800e358   0x00000004   Data   RW         1580    .data.SystemCoreClock  system_stm32h7xx.o
    0x2400000c   0x0800e35c   0x00000004   Data   RW         1581    .data.SystemD2Clock  system_stm32h7xx.o
    0x24000010   0x0800e360   0x00000004   Data   RW         2304    .data.addition      config.o
    0x24000014   0x0800e364   0x00000001   Data   RW         1159    .data.uwTickFreq    stm32h7xx_hal.o
    0x24000015   0x0800e365   0x00000003   PAD
    0x24000018   0x0800e368   0x00000004   Data   RW         1158    .data.uwTickPrio    stm32h7xx_hal.o
    0x2400001c   0x0800e36c   0x00000004   Data   RW         2252    .data.uxCriticalNesting  port.o
    0x24000020   0x0800e370   0x0000001c   Data   RW         2303    .data.zigbee_state  config.o
    0x2400003c   0x0800e38c   0x00000004   PAD
    0x24000040        -       0x00000060   Zero   RW         2392    .bss                c_w.l(libspace.o)
    0x240000a0        -       0x00000005   Zero   RW         2316    .bss.Adjust_rxData  config.o
    0x240000a5        -       0x00000005   Zero   RW         2315    .bss.Adjust_txData  config.o
    0x240000aa   0x0800e38c   0x00000002   PAD
    0x240000ac        -       0x00000004   Zero   RW           47    .bss.COMMS_taskHandle  freertos.o
    0x240000b0        -       0x00000004   Zero   RW         2180    .bss.KernelState    cmsis_os2.o
    0x240000b4        -       0x00000004   Zero   RW           46    .bss.defaultTaskHandle  freertos.o
    0x240000b8        -       0x00000078   Zero   RW           70    .bss.hdma_uart4_rx  usart.o
    0x24000130        -       0x00000078   Zero   RW           71    .bss.hdma_uart4_tx  usart.o
    0x240001a8        -       0x0000004c   Zero   RW          120    .bss.htim1          stm32h7xx_hal_timebase_tim.o
    0x240001f4        -       0x00000094   Zero   RW           69    .bss.huart4         usart.o
    0x24000288        -       0x000000a0   Zero   RW         2006    .bss.prvCheckForValidListAndQueue.ucStaticTimerQueueStorage  timers.o
    0x24000328        -       0x00000050   Zero   RW         2005    .bss.prvCheckForValidListAndQueue.xStaticTimerQueue  timers.o
    0x24000378        -       0x00000004   Zero   RW         2002    .bss.prvSampleTimeNow.xLastTime  timers.o
    0x2400037c        -       0x00000004   Zero   RW         1914    .bss.pxCurrentTCB   tasks.o
    0x24000380        -       0x00000004   Zero   RW         2000    .bss.pxCurrentTimerList  timers.o
    0x24000384        -       0x00000004   Zero   RW         1922    .bss.pxDelayedTaskList  tasks.o
    0x24000388        -       0x00000004   Zero   RW         2209    .bss.pxEnd          heap_4.o
    0x2400038c        -       0x00000004   Zero   RW         1923    .bss.pxOverflowDelayedTaskList  tasks.o
    0x24000390        -       0x00000004   Zero   RW         2001    .bss.pxOverflowTimerList  timers.o
    0x24000394        -       0x00000460   Zero   RW         1925    .bss.pxReadyTasksLists  tasks.o
    0x240007f4        -       0x00003c00   Zero   RW         2216    .bss.ucHeap         heap_4.o
    0x240043f4        -       0x00000001   Zero   RW         2250    .bss.ucMaxSysCallPriority  port.o
    0x240043f5   0x0800e38c   0x00000003   PAD
    0x240043f8        -       0x00000004   Zero   RW         2251    .bss.ulMaxPRIGROUPValue  port.o
    0x240043fc        -       0x00000004   Zero   RW         1160    .bss.uwTick         stm32h7xx_hal.o
    0x24004400        -       0x00000004   Zero   RW         1918    .bss.uxCurrentNumberOfTasks  tasks.o
    0x24004404        -       0x00000004   Zero   RW         1917    .bss.uxDeletedTasksWaitingCleanUp  tasks.o
    0x24004408        -       0x00000004   Zero   RW         1920    .bss.uxSchedulerSuspended  tasks.o
    0x2400440c        -       0x00000004   Zero   RW         1915    .bss.uxTaskNumber   tasks.o
    0x24004410        -       0x00000004   Zero   RW         1926    .bss.uxTopReadyPriority  tasks.o
    0x24004414        -       0x00000200   Zero   RW         2183    .bss.vApplicationGetIdleTaskMemory.Idle_Stack  cmsis_os2.o
    0x24004614        -       0x0000005c   Zero   RW         2182    .bss.vApplicationGetIdleTaskMemory.Idle_TCB  cmsis_os2.o
    0x24004670        -       0x00000400   Zero   RW         2185    .bss.vApplicationGetTimerTaskMemory.Timer_Stack  cmsis_os2.o
    0x24004a70        -       0x0000005c   Zero   RW         2184    .bss.vApplicationGetTimerTaskMemory.Timer_TCB  cmsis_os2.o
    0x24004acc        -       0x00000014   Zero   RW         2003    .bss.xActiveTimerList1  timers.o
    0x24004ae0        -       0x00000014   Zero   RW         2004    .bss.xActiveTimerList2  timers.o
    0x24004af4        -       0x00000004   Zero   RW         2210    .bss.xBlockAllocatedBit  heap_4.o
    0x24004af8        -       0x00000014   Zero   RW         1934    .bss.xDelayedTaskList1  tasks.o
    0x24004b0c        -       0x00000014   Zero   RW         1935    .bss.xDelayedTaskList2  tasks.o
    0x24004b20        -       0x00000004   Zero   RW         2211    .bss.xFreeBytesRemaining  heap_4.o
    0x24004b24        -       0x00000004   Zero   RW         1929    .bss.xIdleTaskHandle  tasks.o
    0x24004b28        -       0x00000004   Zero   RW         2213    .bss.xMinimumEverFreeBytesRemaining  heap_4.o
    0x24004b2c        -       0x00000004   Zero   RW         1930    .bss.xNextTaskUnblockTime  tasks.o
    0x24004b30        -       0x00000004   Zero   RW         1933    .bss.xNumOfOverflows  tasks.o
    0x24004b34        -       0x00000004   Zero   RW         2214    .bss.xNumberOfSuccessfulAllocations  heap_4.o
    0x24004b38        -       0x00000004   Zero   RW         2215    .bss.xNumberOfSuccessfulFrees  heap_4.o
    0x24004b3c        -       0x00000004   Zero   RW         1932    .bss.xPendedTicks   tasks.o
    0x24004b40        -       0x00000014   Zero   RW         1927    .bss.xPendingReadyList  tasks.o
    0x24004b54        -       0x00000040   Zero   RW         1725    .bss.xQueueRegistry  queue.o
    0x24004b94        -       0x00000004   Zero   RW         1919    .bss.xSchedulerRunning  tasks.o
    0x24004b98        -       0x00000008   Zero   RW         2212    .bss.xStart         heap_4.o
    0x24004ba0        -       0x00000014   Zero   RW         1924    .bss.xSuspendedTaskList  tasks.o
    0x24004bb4        -       0x00000014   Zero   RW         1916    .bss.xTasksWaitingTermination  tasks.o
    0x24004bc8        -       0x00000004   Zero   RW         1921    .bss.xTickCount     tasks.o
    0x24004bcc        -       0x00000004   Zero   RW         1997    .bss.xTimerQueue    timers.o
    0x24004bd0        -       0x00000004   Zero   RW         1999    .bss.xTimerTaskHandle  timers.o
    0x24004bd4        -       0x00000004   Zero   RW         1931    .bss.xYieldPending  tasks.o
    0x24004bd8        -       0x00000001   Zero   RW         2311    .bss.x_L            config.o
    0x24004bd9        -       0x00000001   Zero   RW         2313    .bss.x_R            config.o
    0x24004bda        -       0x00000001   Zero   RW         2312    .bss.y_L            config.o
    0x24004bdb        -       0x00000001   Zero   RW         2314    .bss.y_R            config.o
    0x24004bdc        -       0x00000034   Zero   RW         2307    .bss.zigbee_conf    config.o
    0x24004c10        -       0x00000064   Zero   RW         2305    .bss.zigbee_rxBuffer  config.o
    0x24004c74        -       0x00000064   Zero   RW         2308    .bss.zigbee_txBuffer  config.o
    0x24004cd8        -       0x00000200   Zero   RW            2    HEAP                startup_stm32h723xx.o
    0x24004ed8        -       0x00000400   Zero   RW            1    STACK               startup_stm32h723xx.o


==============================================================================

Image component sizes


      Code (inc. data)   RO Data    RW Data    ZI Data      Debug   Object Name

       746          0          0          0       1724      36511   cmsis_os2.o
      3148        308          0          0          0       5365   comms_task.o
       460          0          0         40        266       5653   config.o
        78          0          0          0          0       5208   dma.o
        90          0         95          0          8       2872   freertos.o
        66          0          0          0          0       2220   gpio.o
      1084          0          0          0      15392       4397   heap_4.o
       296          0          0          0          0       2200   list.o
       384          0          0          0          0       6297   main.o
      1128         16          0          4          5       3811   port.o
      2604          0          0          0         64      17257   queue.o
        72         30        716          0       1536        836   startup_stm32h723xx.o
       160          0          0          5          4      14601   stm32h7xx_hal.o
       590          0          0          0          0      11481   stm32h7xx_hal_cortex.o
     15540          8          8          0          0      12460   stm32h7xx_hal_dma.o
       936          0          0          0          0       6988   stm32h7xx_hal_gpio.o
        50          0          0          0          0       5237   stm32h7xx_hal_msp.o
       162          0          0          0          0       9306   stm32h7xx_hal_pwr_ex.o
      4830         66          0          0          0      11377   stm32h7xx_hal_rcc.o
      6358         96          0          0          0      18629   stm32h7xx_hal_rcc_ex.o
      1548          0          0          0          0      37541   stm32h7xx_hal_tim.o
        24          0          0          0          0      18118   stm32h7xx_hal_tim_ex.o
       198          0          0          0         76       9516   stm32h7xx_hal_timebase_tim.o
      7046        342         24          0          0      29418   stm32h7xx_hal_uart.o
       738          0         16          0          0       8876   stm32h7xx_hal_uart_ex.o
        86          0          0          0          0       1141   stm32h7xx_it.o
       398          0         16          8          0       5537   system_stm32h7xx.o
      3918          0          5          0       1280      24110   tasks.o
      1692         10         13          0        300      11563   timers.o
       488          0          0          0        388      11275   usart.o
       888          0          0          0          0       3691   zigbee.o

    ----------------------------------------------------------------------
     56332        896        928         60      21052     343492   Object Totals
         0          0         32          0          0          0   (incl. Generated)
       526         20          3          3          9          0   (incl. Padding)

    ----------------------------------------------------------------------

      Code (inc. data)   RO Data    RW Data    ZI Data      Debug   Library Member Name

         8          0          0          0          0         68   __main.o
         0          0          0          0          0          0   __rtentry.o
        12          0          0          0          0          0   __rtentry2.o
         6          0          0          0          0          0   __rtentry4.o
        94          8          0          0          0          0   __scatter.o
        26          0          0          0          0          0   __scatter_copy.o
        28          0          0          0          0          0   __scatter_zi.o
        16          0          0          0          0         68   aeabi_memset4.o
        18          0          0          0          0         80   exit.o
         6          0          0          0          0        152   heapauxi.o
         0          0          0          0          0          0   indicate_semi.o
         2          0          0          0          0          0   libinit.o
         6          0          0          0          0          0   libinit2.o
         2          0          0          0          0          0   libshutdown.o
         2          0          0          0          0          0   libshutdown2.o
         8          4          0          0         96         68   libspace.o
       240          0          0          0          0        100   lludivv7m.o
        78          0          0          0          0         80   rt_memclr_w.o
       138          0          0          0          0         68   rt_memcpy_v6.o
       100          0          0          0          0         80   rt_memcpy_w.o
         2          0          0          0          0          0   rtexit.o
        10          0          0          0          0          0   rtexit2.o
        12          4          0          0          0         68   sys_exit.o
        74          0          0          0          0         80   sys_stackheap_outer.o
         2          0          0          0          0         68   use_no_semi.o
        26          0          0          0          0        116   fpinit.o

    ----------------------------------------------------------------------
       928         16          0          0         96       1096   Library Totals
        12          0          0          0          0          0   (incl. Padding)

    ----------------------------------------------------------------------

      Code (inc. data)   RO Data    RW Data    ZI Data      Debug   Library Name

       890         16          0          0         96        980   c_w.l
        26          0          0          0          0        116   fz_wv.l

    ----------------------------------------------------------------------
       928         16          0          0         96       1096   Library Totals

    ----------------------------------------------------------------------

==============================================================================


      Code (inc. data)   RO Data    RW Data    ZI Data      Debug   

     57260        912        928         60      21148     343660   Grand Totals
     57260        912        928         60      21148     343660   ELF Image Totals
     57260        912        928         60          0          0   ROM Totals

==============================================================================

    Total RO  Size (Code + RO Data)                58188 (  56.82kB)
    Total RW  Size (RW Data + ZI Data)             21208 (  20.71kB)
    Total ROM Size (Code + RO Data + RW Data)      58248 (  56.88kB)

==============================================================================

